<html>
<body>
<pre>
<h1>µVision Build Log</h1>
<h2>Tool Versions:</h2>
IDE-Version: ¦ÌVision V5.14.1
Copyright (C) 2015 ARM Ltd and ARM Germany GmbH. All rights reserved.
License Information: 1 shanxun65@hotmail.com, 1, LIC=MPPLD-8915D-LQW0Q-NV8XT-IGF9L-5U7CZ
 
Tool Versions:
Toolchain:       MDK-ARM Standard  Version: 5.26.2.0
Toolchain Path:  C:\Keil_v5\ARM\ARMCC\Bin
C Compiler:      Armcc.exe V5.06 update 6 (build 750)
Assembler:       Armasm.exe V5.06 update 6 (build 750)
Linker/Locator:  ArmLink.exe V5.06 update 6 (build 750)
Library Manager: ArmAr.exe V5.06 update 6 (build 750)
Hex Converter:   FromElf.exe V5.06 update 6 (build 750)
CPU DLL:         SARMCM3.DLL V5.26.2.0
Dialog DLL:      DCM.DLL V1.17.2.0
Target DLL:      STLink\ST-LINKIII-KEIL_SWO.dll V3.0.5.0
Dialog DLL:      TCM.DLL V1.36.1.0
 
<h2>Project:</h2>
C:\Users\shanx\Desktop\RC_Update\H723VGT6_Orin\H723VGT6_Demo\MDK-ARM\H723VGT6_Demo.uvprojx
Project File Date:  05/29/2026

<h2>Output:</h2>
*** Using Compiler 'V5.06 update 6 (build 750)', folder: 'C:\Keil_v5\ARM\ARMCC\Bin'
Build target 'H723VGT6_Demo'
assembling startup_stm32h723xx.s...
compiling fdcan.c...
compiling ita_robot.cpp...
compiling tsk_config_and_callback.cpp...
linking...
Program Size: Code=54278 RO-data=1430 RW-data=456 ZI-data=12112  
FromELF: creating hex file...
"H723VGT6_Demo\H723VGT6_Demo.axf" - 0 Error(s), 0 Warning(s).

<h2>Software Packages used:</h2>

Package Vendor: ARM
                http://www.keil.com/pack/ARM.CMSIS.5.4.0.pack
                ARM::CMSIS:CORE:5.1.2
                CMSIS (Cortex Microcontroller Software Interface Standard)
   * Component: CORE Version: 5.1.2

<h2>Collection of Component include folders:</h2>
  C:\Users\shanx\Desktop\RC_Update\H723VGT6_Orin\H723VGT6_Demo\MDK-ARM\RTE
  C:\Keil_v5\Arm\Packs\ARM\CMSIS\5.4.0\CMSIS\Core\Include
  C:\Keil_v5\Arm\Packs\Keil\STM32H7xx_DFP\3.1.0\Drivers\CMSIS\Device\ST\STM32H7xx\Include

<h2>Collection of Component Files used:</h2>

   * Component: ARM::CMSIS:CORE:5.1.2
</pre>
</body>
</html>
