Component: ARM Compiler 5.06 update 6 (build 750) Tool: armlink [4d35ed]

==============================================================================

Section Cross References

    startup_stm32h723xx.o(STACK) refers (Special) to heapauxi.o(.text) for __use_two_region_memory
    startup_stm32h723xx.o(HEAP) refers (Special) to heapauxi.o(.text) for __use_two_region_memory
    startup_stm32h723xx.o(RESET) refers (Special) to heapauxi.o(.text) for __use_two_region_memory
    startup_stm32h723xx.o(RESET) refers to startup_stm32h723xx.o(STACK) for __initial_sp
    startup_stm32h723xx.o(RESET) refers to startup_stm32h723xx.o(.text) for Reset_Handler
    startup_stm32h723xx.o(RESET) refers to stm32h7xx_it.o(i.NMI_Handler) for NMI_Handler
    startup_stm32h723xx.o(RESET) refers to stm32h7xx_it.o(i.HardFault_Handler) for HardFault_Handler
    startup_stm32h723xx.o(RESET) refers to stm32h7xx_it.o(i.MemManage_Handler) for MemManage_Handler
    startup_stm32h723xx.o(RESET) refers to stm32h7xx_it.o(i.BusFault_Handler) for BusFault_Handler
    startup_stm32h723xx.o(RESET) refers to stm32h7xx_it.o(i.UsageFault_Handler) for UsageFault_Handler
    startup_stm32h723xx.o(RESET) refers to stm32h7xx_it.o(i.SVC_Handler) for SVC_Handler
    startup_stm32h723xx.o(RESET) refers to stm32h7xx_it.o(i.DebugMon_Handler) for DebugMon_Handler
    startup_stm32h723xx.o(RESET) refers to stm32h7xx_it.o(i.PendSV_Handler) for PendSV_Handler
    startup_stm32h723xx.o(RESET) refers to stm32h7xx_it.o(i.SysTick_Handler) for SysTick_Handler
    startup_stm32h723xx.o(RESET) refers to stm32h7xx_it.o(i.DMA1_Stream0_IRQHandler) for DMA1_Stream0_IRQHandler
    startup_stm32h723xx.o(RESET) refers to stm32h7xx_it.o(i.DMA1_Stream1_IRQHandler) for DMA1_Stream1_IRQHandler
    startup_stm32h723xx.o(RESET) refers to stm32h7xx_it.o(i.DMA1_Stream2_IRQHandler) for DMA1_Stream2_IRQHandler
    startup_stm32h723xx.o(RESET) refers to stm32h7xx_it.o(i.DMA1_Stream3_IRQHandler) for DMA1_Stream3_IRQHandler
    startup_stm32h723xx.o(RESET) refers to stm32h7xx_it.o(i.DMA1_Stream4_IRQHandler) for DMA1_Stream4_IRQHandler
    startup_stm32h723xx.o(RESET) refers to stm32h7xx_it.o(i.DMA1_Stream5_IRQHandler) for DMA1_Stream5_IRQHandler
    startup_stm32h723xx.o(RESET) refers to stm32h7xx_it.o(i.DMA1_Stream6_IRQHandler) for DMA1_Stream6_IRQHandler
    startup_stm32h723xx.o(RESET) refers to stm32h7xx_it.o(i.FDCAN1_IT0_IRQHandler) for FDCAN1_IT0_IRQHandler
    startup_stm32h723xx.o(RESET) refers to stm32h7xx_it.o(i.FDCAN2_IT0_IRQHandler) for FDCAN2_IT0_IRQHandler
    startup_stm32h723xx.o(RESET) refers to stm32h7xx_it.o(i.TIM4_IRQHandler) for TIM4_IRQHandler
    startup_stm32h723xx.o(RESET) refers to stm32h7xx_it.o(i.USART1_IRQHandler) for USART1_IRQHandler
    startup_stm32h723xx.o(RESET) refers to stm32h7xx_it.o(i.USART2_IRQHandler) for USART2_IRQHandler
    startup_stm32h723xx.o(RESET) refers to stm32h7xx_it.o(i.EXTI15_10_IRQHandler) for EXTI15_10_IRQHandler
    startup_stm32h723xx.o(RESET) refers to stm32h7xx_it.o(i.DMA1_Stream7_IRQHandler) for DMA1_Stream7_IRQHandler
    startup_stm32h723xx.o(RESET) refers to stm32h7xx_it.o(i.TIM5_IRQHandler) for TIM5_IRQHandler
    startup_stm32h723xx.o(RESET) refers to stm32h7xx_it.o(i.UART5_IRQHandler) for UART5_IRQHandler
    startup_stm32h723xx.o(RESET) refers to stm32h7xx_it.o(i.DMA2_Stream0_IRQHandler) for DMA2_Stream0_IRQHandler
    startup_stm32h723xx.o(RESET) refers to stm32h7xx_it.o(i.UART7_IRQHandler) for UART7_IRQHandler
    startup_stm32h723xx.o(RESET) refers to stm32h7xx_it.o(i.UART8_IRQHandler) for UART8_IRQHandler
    startup_stm32h723xx.o(RESET) refers to stm32h7xx_it.o(i.USART10_IRQHandler) for USART10_IRQHandler
    startup_stm32h723xx.o(.text) refers (Special) to heapauxi.o(.text) for __use_two_region_memory
    startup_stm32h723xx.o(.text) refers to system_stm32h7xx.o(i.SystemInit) for SystemInit
    startup_stm32h723xx.o(.text) refers to __main.o(!!!main) for __main
    startup_stm32h723xx.o(.text) refers to startup_stm32h723xx.o(HEAP) for Heap_Mem
    startup_stm32h723xx.o(.text) refers to startup_stm32h723xx.o(STACK) for Stack_Mem
    main.o(i._Z18SystemClock_Configv) refers to rt_memclr_w.o(.text) for __aeabi_memclr4
    main.o(i._Z18SystemClock_Configv) refers to stm32h7xx_hal_pwr_ex.o(i.HAL_PWREx_ConfigSupply) for HAL_PWREx_ConfigSupply
    main.o(i._Z18SystemClock_Configv) refers to stm32h7xx_hal_rcc.o(i.HAL_RCC_OscConfig) for HAL_RCC_OscConfig
    main.o(i._Z18SystemClock_Configv) refers to main.o(i.Error_Handler) for Error_Handler
    main.o(i._Z18SystemClock_Configv) refers to stm32h7xx_hal_rcc.o(i.HAL_RCC_ClockConfig) for HAL_RCC_ClockConfig
    main.o(i.main) refers to stm32h7xx_hal.o(i.HAL_Init) for HAL_Init
    main.o(i.main) refers to main.o(i._Z18SystemClock_Configv) for SystemClock_Config()
    main.o(i.main) refers to gpio.o(i.MX_GPIO_Init) for MX_GPIO_Init
    main.o(i.main) refers to dma.o(i.MX_DMA_Init) for MX_DMA_Init
    main.o(i.main) refers to tim.o(i.MX_TIM5_Init) for MX_TIM5_Init
[...]
    UART_SetConfig                           0x080098ed   Thumb Code  1558  stm32h7xx_hal_uart.o(i.UART_SetConfig)
    UART_Start_Receive_DMA                   0x08009f15   Thumb Code   186  stm32h7xx_hal_uart.o(i.UART_Start_Receive_DMA)
    UART_WaitOnFlagUntilTimeout              0x08009fdd   Thumb Code   172  stm32h7xx_hal_uart.o(i.UART_WaitOnFlagUntilTimeout)
    USART10_IRQHandler                       0x0800a089   Thumb Code    10  stm32h7xx_it.o(i.USART10_IRQHandler)
    USART1_IRQHandler                        0x0800a099   Thumb Code    10  stm32h7xx_it.o(i.USART1_IRQHandler)
    USART2_IRQHandler                        0x0800a0a9   Thumb Code    10  stm32h7xx_it.o(i.USART2_IRQHandler)
    UsageFault_Handler                       0x0800a0b9   Thumb Code     4  stm32h7xx_it.o(i.UsageFault_Handler)
    DWT_Update()                             0x0800a0bd   Thumb Code   112  dvc_dwt.o(i._Z10DWT_Updatev)
    FDCAN_Init(FDCAN_HandleTypeDef*, void(*)(Struct_FDCAN_Rx_Buffer*)) 0x0800a141   Thumb Code   132  drv_can.o(i._Z10FDCAN_InitP19FDCAN_HandleTypeDefPFvP22Struct_FDCAN_Rx_BufferE)
    BSP_Set_DC5(Enum_BSP_DC5_Status)         0x0800a1dd   Thumb Code    18  drv_bsp.o(i._Z11BSP_Set_DC519Enum_BSP_DC5_Status)
    modify_data(MOTOR_send*)                 0x0800a1f5   Thumb Code   486  go-m8010-6.o(i._Z11modify_dataP10MOTOR_send)
    extract_data(MOTOR_recv*)                0x0800a40d   Thumb Code   178  go-m8010-6.o(i._Z12extract_dataP10MOTOR_recv)
    BSP_Set_DC24_L(Enum_BSP_DC24_Status)     0x0800a4cd   Thumb Code    18  drv_bsp.o(i._Z14BSP_Set_DC24_L20Enum_BSP_DC24_Status)
    BSP_Set_DC24_R(Enum_BSP_DC24_Status)     0x0800a4e5   Thumb Code    18  drv_bsp.o(i._Z14BSP_Set_DC24_R20Enum_BSP_DC24_Status)
    UART_Send_Data(__UART_HandleTypeDef*, unsigned char*, unsigned short) 0x0800a4fd   Thumb Code    20  drv_uart.o(i._Z14UART_Send_DataP20__UART_HandleTypeDefPht)
    FDCAN_Send_Data(FDCAN_HandleTypeDef*, unsigned, unsigned char*, Enum_FDCAN_ID_Type, unsigned char) 0x0800a511   Thumb Code   134  drv_can.o(i._Z15FDCAN_Send_DataP19FDCAN_HandleTypeDefjPh18Enum_FDCAN_ID_Typeh)
    power_calculate(float, float, float, float, float, float) 0x0800a597   Thumb Code    34  dvc_motor_dji.o(i._Z15power_calculateffffff)
    allocate_tx_data(FDCAN_HandleTypeDef*, Enum_Motor_DJI_ID, Enum_Motor_DJI_GM6020_Driver_Version) 0x0800a5b9   Thumb Code   510  dvc_motor_dji.o(i._Z16allocate_tx_dataP19FDCAN_HandleTypeDef17Enum_Motor_DJI_ID36Enum_Motor_DJI_GM6020_Driver_Version)
    Math_Int_To_Float(int, int, int, float, float) 0x0800a801   Thumb Code    50  drv_math.o(i._Z17Math_Int_To_Floatiiiff)
    MotorControl_Init()                      0x0800a835   Thumb Code    36  motorcontrol.o(i._Z17MotorControl_Initv)
    Motor_Rx_Callback(unsigned char*, unsigned short) 0x0800a86d   Thumb Code    50  go-m8010-6.o(i._Z17Motor_Rx_CallbackPht)
    BSP_Set_PWM_Buzzer(float)                0x0800a8a5   Thumb Code    24  drv_bsp.o(i._Z18BSP_Set_PWM_Buzzerf)
    SystemClock_Config()                     0x0800a8c5   Thumb Code   178  main.o(i._Z18SystemClock_Configv)
    DR16_UART5_Callback(unsigned char*, unsigned short) 0x0800a97d   Thumb Code    22  tsk_config_and_callback.o(i._Z19DR16_UART5_CallbackPht)
    MotorControl_Update()                    0x0800a999   Thumb Code   492  motorcontrol.o(i._Z19MotorControl_Updatev)
    Task1ms_TIM5_Callback()                  0x0800abd9   Thumb Code   104  tsk_config_and_callback.o(i._Z21Task1ms_TIM5_Callbackv)
    BSP_Set_PWM_IMU_Heater(float)            0x0800ac51   Thumb Code    24  drv_bsp.o(i._Z22BSP_Set_PWM_IMU_Heaterf)
    Device_FDCAN1_Callback(Struct_FDCAN_Rx_Buffer*) 0x0800ac71   Thumb Code    80  tsk_config_and_callback.o(i._Z22Device_FDCAN1_CallbackP22Struct_FDCAN_Rx_Buffer)
    Device_FDCAN2_Callback(Struct_FDCAN_Rx_Buffer*) 0x0800acd1   Thumb Code    34  tsk_config_and_callback.o(i._Z22Device_FDCAN2_CallbackP22Struct_FDCAN_Rx_Buffer)
    Math_Endian_Reverse_16(void*, void*)     0x0800acf9   Thumb Code    34  drv_math.o(i._Z22Math_Endian_Reverse_16PvS_)
    SERVO_Send_recv_Motor1(MOTOR_send*, MOTOR_recv*) 0x0800ad1d   Thumb Code    34  go-m8010-6.o(i._Z22SERVO_Send_recv_Motor1P10MOTOR_sendP10MOTOR_recv)
    Task10ms_TIM4_Callback()                 0x0800ad49   Thumb Code    72  tsk_config_and_callback.o(i._Z22Task10ms_TIM4_Callbackv)
    FDCAN_Filter_Mask_Config(FDCAN_HandleTypeDef*, unsigned char, unsigned, unsigned) 0x0800ad95   Thumb Code   162  drv_can.o(i._Z24FDCAN_Filter_Mask_ConfigP19FDCAN_HandleTypeDefhjj)
    TIM_1ms_CAN_PeriodElapsedCallback()      0x0800ae39   Thumb Code    20  drv_can.o(i._Z33TIM_1ms_CAN_PeriodElapsedCallbackv)
    TIM_1ms_UART_PeriodElapsedCallback()     0x0800ae55   Thumb Code    14  drv_uart.o(i._Z34TIM_1ms_UART_PeriodElapsedCallbackv)
    BSP_Init(unsigned, float, float)         0x0800ae6d   Thumb Code    78  drv_bsp.o(i._Z8BSP_Initjff)
    DWT_Init()                               0x0800aec5   Thumb Code    46  dvc_dwt.o(i._Z8DWT_Initv)
    TIM_Init(TIM_HandleTypeDef*, void(*)())  0x0800af05   Thumb Code   256  drv_tim.o(i._Z8TIM_InitP17TIM_HandleTypeDefPFvvE)
    UART_Init(__UART_HandleTypeDef*, void(*)(unsigned char*, unsigned short), unsigned short) 0x0800b081   Thumb Code   368  drv_uart.o(i._Z9UART_InitP20__UART_HandleTypeDefPFvPhtEt)
    Class_DR16::Get_Left_X()                 0x0800b241   Thumb Code     6  ita_robot.o(i._ZN10Class_DR1610Get_Left_XEv)
    Class_DR16::Get_Left_Y()                 0x0800b247   Thumb Code     6  ita_robot.o(i._ZN10Class_DR1610Get_Left_YEv)
    Class_DR16::Get_Right_Y()                0x0800b24d   Thumb Code     6  ita_robot.o(i._ZN10Class_DR1611Get_Right_YEv)
    Class_DR16::Judge_Switch(Enum_DR16_Switch_Status*, unsigned char, unsigned char) 0x0800b253   Thumb Code   128  dvc_dr16.o(i._ZN10Class_DR1612Judge_SwitchEP23Enum_DR16_Switch_Statushh)
    Class_DR16::Judge_Updata(Struct_DR16_UART_Data, Struct_DR16_UART_Data) 0x0800b2d3   Thumb Code   104  dvc_dr16.o(i._ZN10Class_DR1612Judge_UpdataE21Struct_DR16_UART_DataS0_)
    Class_DR16::Get_DR16_Status()            0x0800b33b   Thumb Code     8  ita_robot.o(i._ZN10Class_DR1615Get_DR16_StatusEv)
    Class_DR16::Get_Right_Switch()           0x0800b343   Thumb Code     8  ita_robot.o(i._ZN10Class_DR1616Get_Right_SwitchEv)
    Class_DR16::DR16_Data_Process()          0x0800b34d   Thumb Code   496  dvc_dr16.o(i._ZN10Class_DR1617DR16_Data_ProcessEv)
    Class_DR16::DR16_UART_RxCpltCallback(unsigned char*) 0x0800b541   Thumb Code    36  dvc_dr16.o(i._ZN10Class_DR1624DR16_UART_RxCpltCallbackEPh)
    Class_DR16::TIM1msMod50_Alive_PeriodElapsedCallback() 0x0800b565   Thumb Code    92  dvc_dr16.o(i._ZN10Class_DR1639TIM1msMod50_Alive_PeriodElapsedCallbackEv)
    Class_DR16::Init(__UART_HandleTypeDef*)  0x0800b5c1   Thumb Code    84  dvc_dr16.o(i._ZN10Class_DR164InitEP20__UART_HandleTypeDef)
    Class_DR16::Get_Yaw()                    0x0800b645   Thumb Code     6  ita_robot.o(i._ZN10Class_DR167Get_YawEv)
    Class_DR16::Judge_Key(Enum_DR16_Key_Status*, unsigned char, unsigned char) 0x0800b64b   Thumb Code    62  dvc_dr16.o(i._ZN10Class_DR169Judge_KeyEP20Enum_DR16_Key_Statushh)
    Class_Orin::Get_Status()                 0x0800b689   Thumb Code     6  ita_robot.o(i._ZN10Class_Orin10Get_StatusEv)
    Class_Orin::Clear_Rx_Data()              0x0800b68f   Thumb Code    30  dvc_nvidiaorin.o(i._ZN10Class_Orin13Clear_Rx_DataEv)
    Class_Orin::FDCAN_RxCpltCallback(Struct_FDCAN_Rx_Buffer*) 0x0800b6ad   Thumb Code   228  dvc_nvidiaorin.o(i._ZN10Class_Orin20FDCAN_RxCpltCallbackEP22Struct_FDCAN_Rx_Buffer)
    Class_Orin::TIM_10ms_Send_PeriodElapsedCallback() 0x0800b7fd   Thumb Code   104  dvc_nvidiaorin.o(i._ZN10Class_Orin35TIM_10ms_Send_PeriodElapsedCallbackEv)
    Class_Orin::TIM_1000ms_Alive_PeriodElapsedCallback() 0x0800b865   Thumb Code    34  dvc_nvidiaorin.o(i._ZN10Class_Orin38TIM_1000ms_Alive_PeriodElapsedCallbackEv)
    Class_Orin::Init(FDCAN_HandleTypeDef*)   0x0800b889   Thumb Code    94  dvc_nvidiaorin.o(i._ZN10Class_Orin4InitEP19FDCAN_HandleTypeDef)
    Class_Orin::Class_Orin()                 0x0800b901   Thumb Code   116  tsk_config_and_callback.o(i._ZN10Class_OrinC1Ev)
    Class_Orin::Class_Orin__sub_object()     0x0800b901   Thumb Code     0  tsk_config_and_callback.o(i._ZN10Class_OrinC1Ev)
    Class_Slope::Set_Target(float)           0x0800b979   Thumb Code     6  crt_chassis.o(i._ZN11Class_Slope10Set_TargetEf)
    Class_Slope::Set_Now_Real(float)         0x0800b97f   Thumb Code     6  crt_chassis.o(i._ZN11Class_Slope12Set_Now_RealEf)
    Class_Slope::TIM_Calculate_PeriodElapsedCallback() 0x0800b985   Thumb Code   604  alg_slope.o(i._ZN11Class_Slope35TIM_Calculate_PeriodElapsedCallbackEv)
    Class_Slope::Init(float, float, Enum_Slope_First) 0x0800bbe1   Thumb Code    12  alg_slope.o(i._ZN11Class_Slope4InitEff16Enum_Slope_First)
    Class_Slope::Get_Out()                   0x0800bbed   Thumb Code     6  crt_chassis.o(i._ZN11Class_Slope7Get_OutEv)
    Class_Slope::Class_Slope()               0x0800bbf5   Thumb Code    54  tsk_config_and_callback.o(i._ZN11Class_SlopeC1Ev)
    Class_Slope::Class_Slope__sub_object()   0x0800bbf5   Thumb Code     0  tsk_config_and_callback.o(i._ZN11Class_SlopeC1Ev)
    Class_Chariot::_Chassis_Control()        0x0800bc31   Thumb Code  1136  ita_robot.o(i._ZN13Class_Chariot16_Chassis_ControlEv)
    Class_Chariot::TIM_Control_Callback()    0x0800c0a1   Thumb Code    12  ita_robot.o(i._ZN13Class_Chariot20TIM_Control_CallbackEv)
    Class_Chariot::Judge_Active_Controller() 0x0800c0ad   Thumb Code    62  ita_robot.o(i._ZN13Class_Chariot23Judge_Active_ControllerEv)
    Class_Chariot::Judge_DR16_Control_Type() 0x0800c0eb   Thumb Code    44  ita_robot.o(i._ZN13Class_Chariot23Judge_DR16_Control_TypeEv)
    Class_Chariot::TIM_100ms_Alive_PeriodElapsedCallback() 0x0800c117   Thumb Code    12  ita_robot.o(i._ZN13Class_Chariot37TIM_100ms_Alive_PeriodElapsedCallbackEv)
    Class_Chariot::TIM_1000ms_Alive_PeriodElapsedCallback() 0x0800c123   Thumb Code    14  ita_robot.o(i._ZN13Class_Chariot38TIM_1000ms_Alive_PeriodElapsedCallbackEv)
    Class_Chariot::TIM_2ms_Calculate_PeriodElapsedCallback() 0x0800c131   Thumb Code    16  ita_robot.o(i._ZN13Class_Chariot39TIM_2ms_Calculate_PeriodElapsedCallbackEv)
    Class_Chariot::TIM_Unline_Protect_PeriodElapsedCallback() 0x0800c141   Thumb Code   158  ita_robot.o(i._ZN13Class_Chariot40TIM_Unline_Protect_PeriodElapsedCallbackEv)
    Class_Chariot::Init(float)               0x0800c241   Thumb Code    64  ita_robot.o(i._ZN13Class_Chariot4InitEf)
    Class_Chariot::Class_Chariot()           0x0800c289   Thumb Code   202  tsk_config_and_callback.o(i._ZN13Class_ChariotC1Ev)
    Class_Chariot::Class_Chariot__sub_object() 0x0800c289   Thumb Code     0  tsk_config_and_callback.o(i._ZN13Class_ChariotC1Ev)
    Class_Omni_Chassis::Self_Resolution()    0x0800c369   Thumb Code   272  crt_chassis.o(i._ZN18Class_Omni_Chassis15Self_ResolutionEv)
    Class_Omni_Chassis::Set_Target_Omega(float) 0x0800c495   Thumb Code    10  ita_robot.o(i._ZN18Class_Omni_Chassis16Set_Target_OmegaEf)
    Class_Omni_Chassis::Set_Target_Velocity_X(float) 0x0800c49f   Thumb Code    10  ita_robot.o(i._ZN18Class_Omni_Chassis21Set_Target_Velocity_XEf)
    Class_Omni_Chassis::Set_Target_Velocity_Y(float) 0x0800c4a9   Thumb Code    10  ita_robot.o(i._ZN18Class_Omni_Chassis21Set_Target_Velocity_YEf)
    Class_Omni_Chassis::Set_Chassis_Control_Type(Enum_Chassis_Control_Type) 0x0800c4b3   Thumb Code     6  ita_robot.o(i._ZN18Class_Omni_Chassis24Set_Chassis_Control_TypeE25Enum_Chassis_Control_Type)
    Class_Omni_Chassis::Kinematics_Inverse_Resolution() 0x0800c4b9   Thumb Code   618  crt_chassis.o(i._ZN18Class_Omni_Chassis29Kinematics_Inverse_ResolutionEv)
    Class_Omni_Chassis::TIM_Calculate_PeriodElapsedCallback(Enum_Sprint_Status) 0x0800c735   Thumb Code   158  crt_chassis.o(i._ZN18Class_Omni_Chassis35TIM_Calculate_PeriodElapsedCallbackE18Enum_Sprint_Status)
    Class_Omni_Chassis::Init(float, float, float) 0x0800c7d5   Thumb Code   414  crt_chassis.o(i._ZN18Class_Omni_Chassis4InitEfff)
    Class_Motor_DJI_C620::Data_Process()     0x0800c99d   Thumb Code   326  dvc_motor_dji.o(i._ZN20Class_Motor_DJI_C62012Data_ProcessEv)
    Class_Motor_DJI_C620::PID_Calculate()    0x0800caf1   Thumb Code   206  dvc_motor_dji.o(i._ZN20Class_Motor_DJI_C62013PID_CalculateEv)
    Class_Motor_DJI_C620::Set_Target_Omega(float) 0x0800cbc5   Thumb Code     6  crt_chassis.o(i._ZN20Class_Motor_DJI_C62016Set_Target_OmegaEf)
    Class_Motor_DJI_C620::Set_Control_Method(Enum_Motor_DJI_Control_Method) 0x0800cbcb   Thumb Code     6  crt_chassis.o(i._ZN20Class_Motor_DJI_C62018Set_Control_MethodE29Enum_Motor_DJI_Control_Method)
    Class_Motor_DJI_C620::FDCAN_RxCpltCallback(unsigned char*) 0x0800cbd1   Thumb Code    24  dvc_motor_dji.o(i._ZN20Class_Motor_DJI_C62020FDCAN_RxCpltCallbackEPh)
    Class_Motor_DJI_C620::TIM_Calculate_PeriodElapsedCallback() 0x0800cbe9   Thumb Code    98  dvc_motor_dji.o(i._ZN20Class_Motor_DJI_C62035TIM_Calculate_PeriodElapsedCallbackEv)
    Class_Motor_DJI_C620::Init(FDCAN_HandleTypeDef*, Enum_Motor_DJI_ID, Enum_Motor_DJI_Control_Method, float, Enum_Motor_DJI_Power_Limit_Status, float) 0x0800cc51   Thumb Code   100  dvc_motor_dji.o(i._ZN20Class_Motor_DJI_C6204InitEP19FDCAN_HandleTypeDef17Enum_Motor_DJI_ID29Enum_Motor_DJI_Control_Methodf33Enum_Motor_DJI_Power_Limit_Statusf)
    Class_Motor_DJI_C620::Output()           0x0800cccd   Thumb Code    40  dvc_motor_dji.o(i._ZN20Class_Motor_DJI_C6206OutputEv)
    Class_Motor_DJI_C620::Class_Motor_DJI_C620() 0x0800ccf5   Thumb Code   152  tsk_config_and_callback.o(i._ZN20Class_Motor_DJI_C620C1Ev)
    Class_Motor_DJI_C620::Class_Motor_DJI_C620__sub_object() 0x0800ccf5   Thumb Code     0  tsk_config_and_callback.o(i._ZN20Class_Motor_DJI_C620C1Ev)
    Class_PID::Set_Target(float)             0x0800e535   Thumb Code     6  alg_pid.o(i._ZN9Class_PID10Set_TargetEf)
    Class_PID::Set_Integral_Error(float)     0x0800e53b   Thumb Code     6  alg_pid.o(i._ZN9Class_PID18Set_Integral_ErrorEf)
    Class_PID::TIM_Calculate_PeriodElapsedCallback() 0x0800e541   Thumb Code   620  alg_pid.o(i._ZN9Class_PID35TIM_Calculate_PeriodElapsedCallbackEv)
    Class_PID::Init(float, float, float, float, float, float, float, float, float, float, float, Enum_PID_D_First) 0x0800e7b1   Thumb Code    48  alg_pid.o(i._ZN9Class_PID4InitEfffffffffff16Enum_PID_D_First)
    Class_PID::Get_Out()                     0x0800e7e1   Thumb Code     6  alg_pid.o(i._ZN9Class_PID7Get_OutEv)
    Class_PID::Set_Now(float)                0x0800e7e7   Thumb Code     6  alg_pid.o(i._ZN9Class_PID7Set_NowEf)
    Class_PID::Class_PID()                   0x0800e7ed   Thumb Code   138  tsk_config_and_callback.o(i._ZN9Class_PIDC1Ev)
    Class_PID::Class_PID__sub_object()       0x0800e7ed   Thumb Code     0  tsk_config_and_callback.o(i._ZN9Class_PIDC1Ev)
    Class_Orin::Is_Valid_Frame(const Struct_FDCAN_Rx_Buffer*) const 0x0800e87d   Thumb Code    30  dvc_nvidiaorin.o(i._ZNK10Class_Orin14Is_Valid_FrameEPK22Struct_FDCAN_Rx_Buffer)
    Class_Orin::Get_Tx_Flag_Mask() const     0x0800e89b   Thumb Code   100  dvc_nvidiaorin.o(i._ZNK10Class_Orin16Get_Tx_Flag_MaskEv)
    std::sqrt(float)                         0x0800e8ff   Thumb Code    24  ita_robot.o(i._ZSt4sqrtf)
    __ARM_fpclassify                         0x0800e917   Thumb Code    48  fpclassify.o(i.__ARM_fpclassify)
    __aeabi_vec_ctor_nocookie_nodtor         0x0800e947   Thumb Code    36  aeabi_vec_ctor_nocookie_nodtor.o(i.__aeabi_vec_ctor_nocookie_nodtor)
    __hardfp_sqrtf                           0x0800e96b   Thumb Code    58  sqrtf.o(i.__hardfp_sqrtf)
    _is_digit                                0x0800ebc1   Thumb Code    14  __printf_wp.o(i._is_digit)
    main                                     0x0800ebcf   Thumb Code    84  main.o(i.main)
    _get_lc_numeric                          0x0800ec25   Thumb Code    44  lc_numeric_c.o(locale$$code)
    _get_lc_ctype                            0x0800ec51   Thumb Code    44  lc_ctype_c.o(locale$$code)
    T1 Math_Constrain<float>(T1*, T1, T1)    0x0800ec7d   Thumb Code    48  alg_pid.o(t._Z14Math_ConstrainIfET_PS0_S0_S0_)
    T1 Math_Abs<float>(T1)                   0x0800ecad   Thumb Code    24  alg_pid.o(t._Z8Math_AbsIfET_S0_)
    __aeabi_ul2f                             0x0800ecc5   Thumb Code     0  ffltll_clz.o(x$fpl$ffltll)
    _ll_uto_f                                0x0800ecc5   Thumb Code     6  ffltll_clz.o(x$fpl$ffltll)
    __aeabi_l2f                              0x0800eccb   Thumb Code     0  ffltll_clz.o(x$fpl$ffltll)
    _ll_sto_f                                0x0800eccb   Thumb Code    90  ffltll_clz.o(x$fpl$ffltll)
    _fp_init                                 0x0800ed25   Thumb Code    10  fpinit.o(x$fpl$fpinit)
    __fplib_config_fpu_vfp                   0x0800ed2d   Thumb Code     0  fpinit.o(x$fpl$fpinit)
    __fplib_config_pureend_doubles           0x0800ed2d   Thumb Code     0  fpinit.o(x$fpl$fpinit)
    _printf_fp_dec                           0x0800ed2f   Thumb Code     4  printf1.o(x$fpl$printf1)
    __I$use$fp                               0x0800ed32   Number         0  usenofp.o(x$fpl$usenofp)
    UARTPrescTable                           0x0800ed98   Data          24  stm32h7xx_hal_uart.o(.constdata)
    D1CorePrescTable                         0x0800edc0   Data          16  system_stm32h7xx.o(.constdata)
    Region$$Table$$Base                      0x0800f0fc   Number         0  anon$$obj.o(Region$$Table)
    Region$$Table$$Limit                     0x0800f11c   Number         0  anon$$obj.o(Region$$Table)
    __ctype                                  0x0800f145   Data           0  lc_ctype_c.o(locale$$data)
    SHT$$INIT_ARRAY$$Base                    0x0800f248   Number         0  stm32h7xx_hal_flash.o(.init_array)
    SHT$$INIT_ARRAY$$Limit                   0x0800f254   Number         0  init_aeabi.o(.init_array)
    uwTick                                   0x24000004   Data           4  stm32h7xx_hal.o(.data)
    uwTickPrio                               0x24000008   Data           4  stm32h7xx_hal.o(.data)
    uwTickFreq                               0x2400000c   Data           1  stm32h7xx_hal.o(.data)
    SystemCoreClock                          0x24000010   Data           4  system_stm32h7xx.o(.data)
    SystemD2Clock                            0x24000014   Data           4  system_stm32h7xx.o(.data)
    TIM1_Manage_Object                       0x24000018   Data           8  drv_tim.o(.data)
    TIM2_Manage_Object                       0x24000020   Data           8  drv_tim.o(.data)
    TIM3_Manage_Object                       0x24000028   Data           8  drv_tim.o(.data)
    TIM4_Manage_Object                       0x24000030   Data           8  drv_tim.o(.data)
    TIM5_Manage_Object                       0x24000038   Data           8  drv_tim.o(.data)
    TIM6_Manage_Object                       0x24000040   Data           8  drv_tim.o(.data)
    TIM7_Manage_Object                       0x24000048   Data           8  drv_tim.o(.data)
    TIM8_Manage_Object                       0x24000050   Data           8  drv_tim.o(.data)
    TIM12_Manage_Object                      0x24000058   Data           8  drv_tim.o(.data)
    TIM13_Manage_Object                      0x24000060   Data           8  drv_tim.o(.data)
    TIM14_Manage_Object                      0x24000068   Data           8  drv_tim.o(.data)
    TIM15_Manage_Object                      0x24000070   Data           8  drv_tim.o(.data)
    TIM16_Manage_Object                      0x24000078   Data           8  drv_tim.o(.data)
    TIM17_Manage_Object                      0x24000080   Data           8  drv_tim.o(.data)
    TIM23_Manage_Object                      0x24000088   Data           8  drv_tim.o(.data)
    TIM24_Manage_Object                      0x24000090   Data           8  drv_tim.o(.data)
    FDCAN1_0x1ff_Tx_Data                     0x24000098   Data           8  drv_can.o(.data)
    FDCAN1_0x200_Tx_Data                     0x240000a0   Data           8  drv_can.o(.data)
    FDCAN1_0x2ff_Tx_Data                     0x240000a8   Data           8  drv_can.o(.data)
    FDCAN1_0x1fe_Tx_Data                     0x240000b0   Data           8  drv_can.o(.data)
    FDCAN1_0x2fe_Tx_Data                     0x240000b8   Data           8  drv_can.o(.data)
    FDCAN1_0x500_Tx_Data                     0x240000c0   Data           8  drv_can.o(.data)
    FDCAN2_0x1ff_Tx_Data                     0x240000c8   Data           8  drv_can.o(.data)
    FDCAN2_0x200_Tx_Data                     0x240000d0   Data           8  drv_can.o(.data)
    FDCAN2_0x2ff_Tx_Data                     0x240000d8   Data           8  drv_can.o(.data)
    FDCAN2_0x1fe_Tx_Data                     0x240000e0   Data           8  drv_can.o(.data)
    FDCAN2_0x2fe_Tx_Data                     0x240000e8   Data           8  drv_can.o(.data)
    FDCAN3_0x1ff_Tx_Data                     0x240000f0   Data           8  drv_can.o(.data)
    FDCAN3_0x200_Tx_Data                     0x240000f8   Data           8  drv_can.o(.data)
    FDCAN3_0x2ff_Tx_Data                     0x24000100   Data           8  drv_can.o(.data)
    FDCAN3_0x1fe_Tx_Data                     0x24000108   Data           8  drv_can.o(.data)
    FDCAN3_0x2fe_Tx_Data                     0x24000110   Data           8  drv_can.o(.data)
    GPIO0_EXTI_Manage_Object                 0x24000118   Data           8  drv_gpio_exti.o(.data)
    GPIO1_EXTI_Manage_Object                 0x24000120   Data           8  drv_gpio_exti.o(.data)
    GPIO2_EXTI_Manage_Object                 0x24000128   Data           8  drv_gpio_exti.o(.data)
    GPIO3_EXTI_Manage_Object                 0x24000130   Data           8  drv_gpio_exti.o(.data)
    GPIO4_EXTI_Manage_Object                 0x24000138   Data           8  drv_gpio_exti.o(.data)
    GPIO5_EXTI_Manage_Object                 0x24000140   Data           8  drv_gpio_exti.o(.data)
    GPIO6_EXTI_Manage_Object                 0x24000148   Data           8  drv_gpio_exti.o(.data)
    GPIO7_EXTI_Manage_Object                 0x24000150   Data           8  drv_gpio_exti.o(.data)
    GPIO8_EXTI_Manage_Object                 0x24000158   Data           8  drv_gpio_exti.o(.data)
    GPIO9_EXTI_Manage_Object                 0x24000160   Data           8  drv_gpio_exti.o(.data)
    GPIO10_EXTI_Manage_Object                0x24000168   Data           8  drv_gpio_exti.o(.data)
    GPIO11_EXTI_Manage_Object                0x24000170   Data           8  drv_gpio_exti.o(.data)
    GPIO12_EXTI_Manage_Object                0x24000178   Data           8  drv_gpio_exti.o(.data)
    GPIO13_EXTI_Manage_Object                0x24000180   Data           8  drv_gpio_exti.o(.data)
    GPIO14_EXTI_Manage_Object                0x24000188   Data           8  drv_gpio_exti.o(.data)
    GPIO15_EXTI_Manage_Object                0x24000190   Data           8  drv_gpio_exti.o(.data)
    count                                    0x240001b1   Data           1  motorcontrol.o(.data)
    motor_power_level                        0x240001b2   Data           1  motorcontrol.o(.data)
    init_finished                            0x240001d0   Data           1  tsk_config_and_callback.o(.data)
    flag                                     0x240001d4   Data           4  tsk_config_and_callback.o(.data)
    mod100                                   0x240001d8   Data           1  tsk_config_and_callback.o(.data)
    mod1000                                  0x240001da   Data           2  tsk_config_and_callback.o(.data)
    hfdcan1                                  0x240001dc   Data         160  fdcan.o(.bss)
    hfdcan2                                  0x2400027c   Data         160  fdcan.o(.bss)
    hfdcan3                                  0x2400031c   Data         160  fdcan.o(.bss)
    htim3                                    0x240003bc   Data          76  tim.o(.bss)
    htim4                                    0x24000408   Data          76  tim.o(.bss)
    htim5                                    0x24000454   Data          76  tim.o(.bss)
    htim12                                   0x240004a0   Data          76  tim.o(.bss)
    huart5                                   0x240004ec   Data         148  usart.o(.bss)
    huart7                                   0x24000580   Data         148  usart.o(.bss)
    huart8                                   0x24000614   Data         148  usart.o(.bss)
    huart1                                   0x240006a8   Data         148  usart.o(.bss)
    huart2                                   0x2400073c   Data         148  usart.o(.bss)
    huart3                                   0x240007d0   Data         148  usart.o(.bss)
    huart10                                  0x24000864   Data         148  usart.o(.bss)
    hdma_uart5_rx                            0x240008f8   Data         120  usart.o(.bss)
    hdma_uart7_rx                            0x24000970   Data         120  usart.o(.bss)
    hdma_uart7_tx                            0x240009e8   Data         120  usart.o(.bss)
    hdma_uart8_tx                            0x24000a60   Data         120  usart.o(.bss)
    hdma_uart8_rx                            0x24000ad8   Data         120  usart.o(.bss)
    hdma_usart1_rx                           0x24000b50   Data         120  usart.o(.bss)
    hdma_usart1_tx                           0x24000bc8   Data         120  usart.o(.bss)
    hdma_usart10_rx                          0x24000c40   Data         120  usart.o(.bss)
    hdma_usart10_tx                          0x24000cb8   Data         120  usart.o(.bss)
    pFlash                                   0x24000d30   Data          28  stm32h7xx_hal_flash.o(.bss)
    FDCAN1_Manage_Object                     0x24000d4c   Data          56  drv_can.o(.bss)
    FDCAN2_Manage_Object                     0x24000d84   Data          56  drv_can.o(.bss)
    FDCAN3_Manage_Object                     0x24000dbc   Data          56  drv_can.o(.bss)
    UART1_Manage_Object                      0x24000df4   Data         524  drv_uart.o(.bss)
    UART2_Manage_Object                      0x24001000   Data         524  drv_uart.o(.bss)
    UART3_Manage_Object                      0x2400120c   Data         524  drv_uart.o(.bss)
    UART4_Manage_Object                      0x24001418   Data         524  drv_uart.o(.bss)
    UART5_Manage_Object                      0x24001624   Data         524  drv_uart.o(.bss)
    UART6_Manage_Object                      0x24001830   Data         524  drv_uart.o(.bss)
    UART7_Manage_Object                      0x24001a3c   Data         524  drv_uart.o(.bss)
    UART8_Manage_Object                      0x24001c48   Data         524  drv_uart.o(.bss)
    UART9_Manage_Object                      0x24001e54   Data         524  drv_uart.o(.bss)
    UART10_Manage_Object                     0x24002060   Data         524  drv_uart.o(.bss)
    motor1_recv_data                         0x24002270   Data          64  go-m8010-6.o(.bss)
    SystemTime                               0x240022b0   Data          12  dvc_dwt.o(.bss)
    cmd_1                                    0x240022c0   Data          64  motorcontrol.o(.bss)
    cmd_2                                    0x24002300   Data          64  motorcontrol.o(.bss)
    cmd_3                                    0x24002340   Data          64  motorcontrol.o(.bss)
    data_1                                   0x24002380   Data          64  motorcontrol.o(.bss)
    data_2                                   0x240023c0   Data          64  motorcontrol.o(.bss)
    data_3                                   0x24002400   Data          64  motorcontrol.o(.bss)
    chariot                                  0x24002440   Data        1560  tsk_config_and_callback.o(.bss)
    __libspace_start                         0x24002a58   Data          96  libspace.o(.bss)
    __temporary_stack_top$libspace           0x24002ab8   Data           0  libspace.o(.bss)



==============================================================================

Memory Map of the image

  Image Entry point : 0x080002cd

  Load Region LR_IROM1 (Base: 0x08000000, Size: 0x0000f430, Max: 0x00100000, ABSOLUTE, COMPRESSED[0x0000f26c])

    Execution Region ER_IROM1 (Base: 0x08000000, Size: 0x0000f254, Max: 0x00100000, ABSOLUTE)

    Base Addr    Size         Type   Attr      Idx    E Section Name        Object

    0x08000000   0x000002cc   Data   RO            3    RESET               startup_stm32h723xx.o
    0x080002cc   0x00000008   Code   RO         8315  * !!!main             c_w.l(__main.o)
    0x080002d4   0x00000034   Code   RO         8826    !!!scatter          c_w.l(__scatter.o)
    0x08000308   0x0000003a   Code   RO         8824    !!dczerorl          c_w.l(__dczerorl.o)
    0x08000342   0x00000002   PAD
    0x08000344   0x0000001c   Code   RO         8828    !!handler_zi        c_w.l(__scatter_zi.o)
    0x08000360   0x00000000   Code   RO         8444    .ARM.Collect$$_printf_percent$$00000000  c_w.l(_printf_percent.o)
    0x08000360   0x00000006   Code   RO         8433    .ARM.Collect$$_printf_percent$$00000001  c_w.l(_printf_n.o)
    0x08000366   0x00000006   Code   RO         8435    .ARM.Collect$$_printf_percent$$00000002  c_w.l(_printf_p.o)
    0x0800036c   0x00000006   Code   RO         8440    .ARM.Collect$$_printf_percent$$00000003  c_w.l(_printf_f.o)
    0x08000372   0x00000006   Code   RO         8441    .ARM.Collect$$_printf_percent$$00000004  c_w.l(_printf_e.o)
    0x08000378   0x00000006   Code   RO         8442    .ARM.Collect$$_printf_percent$$00000005  c_w.l(_printf_g.o)
    0x0800037e   0x00000006   Code   RO         8443    .ARM.Collect$$_printf_percent$$00000006  c_w.l(_printf_a.o)
    0x08000384   0x0000000a   Code   RO         8448    .ARM.Collect$$_printf_percent$$00000007  c_w.l(_printf_ll.o)
    0x0800038e   0x00000006   Code   RO         8437    .ARM.Collect$$_printf_percent$$00000008  c_w.l(_printf_i.o)
    0x08000394   0x00000006   Code   RO         8438    .ARM.Collect$$_printf_percent$$00000009  c_w.l(_printf_d.o)
    0x0800039a   0x00000006   Code   RO         8439    .ARM.Collect$$_printf_percent$$0000000A  c_w.l(_printf_u.o)
    0x080003a0   0x00000006   Code   RO         8436    .ARM.Collect$$_printf_percent$$0000000B  c_w.l(_printf_o.o)
    0x080003a6   0x00000006   Code   RO         8434    .ARM.Collect$$_printf_percent$$0000000C  c_w.l(_printf_x.o)
    0x080003ac   0x00000006   Code   RO         8445    .ARM.Collect$$_printf_percent$$0000000D  c_w.l(_printf_lli.o)
    0x080003b2   0x00000006   Code   RO         8446    .ARM.Collect$$_printf_percent$$0000000E  c_w.l(_printf_lld.o)
    0x080003b8   0x00000006   Code   RO         8447    .ARM.Collect$$_printf_percent$$0000000F  c_w.l(_printf_llu.o)
    0x080003be   0x00000006   Code   RO         8452    .ARM.Collect$$_printf_percent$$00000010  c_w.l(_printf_llo.o)
    0x080003c4   0x00000006   Code   RO         8453    .ARM.Collect$$_printf_percent$$00000011  c_w.l(_printf_llx.o)
    0x080003ca   0x0000000a   Code   RO         8449    .ARM.Collect$$_printf_percent$$00000012  c_w.l(_printf_l.o)
    0x080003d4   0x00000006   Code   RO         8431    .ARM.Collect$$_printf_percent$$00000013  c_w.l(_printf_c.o)
    0x080003da   0x00000006   Code   RO         8432    .ARM.Collect$$_printf_percent$$00000014  c_w.l(_printf_s.o)
    0x080003e0   0x00000006   Code   RO         8450    .ARM.Collect$$_printf_percent$$00000015  c_w.l(_printf_lc.o)
    0x080003e6   0x00000006   Code   RO         8451    .ARM.Collect$$_printf_percent$$00000016  c_w.l(_printf_ls.o)
    0x080003ec   0x00000004   Code   RO         8557    .ARM.Collect$$_printf_percent$$00000017  c_w.l(_printf_percent_end.o)
    0x080003f0   0x00000002   Code   RO         8624    .ARM.Collect$$libinit$$00000000  c_w.l(libinit.o)
    0x080003f2   0x00000004   Code   RO         8454    .ARM.Collect$$libinit$$00000001  c_w.l(libinit2.o)
    0x080003f6   0x00000000   Code   RO         8457    .ARM.Collect$$libinit$$00000004  c_w.l(libinit2.o)
    0x080003f6   0x00000000   Code   RO         8460    .ARM.Collect$$libinit$$0000000A  c_w.l(libinit2.o)
    0x080003f6   0x00000000   Code   RO         8462    .ARM.Collect$$libinit$$0000000C  c_w.l(libinit2.o)
    0x080003f6   0x00000000   Code   RO         8464    .ARM.Collect$$libinit$$0000000E  c_w.l(libinit2.o)
    0x080003f6   0x00000006   Code   RO         8465    .ARM.Collect$$libinit$$0000000F  c_w.l(libinit2.o)
    0x080003fc   0x00000000   Code   RO         8467    .ARM.Collect$$libinit$$00000011  c_w.l(libinit2.o)
    0x080003fc   0x0000000c   Code   RO         8468    .ARM.Collect$$libinit$$00000012  c_w.l(libinit2.o)
    0x08000408   0x00000000   Code   RO         8469    .ARM.Collect$$libinit$$00000013  c_w.l(libinit2.o)
    0x08000408   0x00000000   Code   RO         8471    .ARM.Collect$$libinit$$00000015  c_w.l(libinit2.o)
    0x08000408   0x0000000a   Code   RO         8472    .ARM.Collect$$libinit$$00000016  c_w.l(libinit2.o)
    0x08000412   0x00000000   Code   RO         8473    .ARM.Collect$$libinit$$00000017  c_w.l(libinit2.o)
    0x08000412   0x00000000   Code   RO         8475    .ARM.Collect$$libinit$$00000019  c_w.l(libinit2.o)
    0x08000412   0x00000000   Code   RO         8477    .ARM.Collect$$libinit$$0000001B  c_w.l(libinit2.o)
    0x08000412   0x00000000   Code   RO         8479    .ARM.Collect$$libinit$$0000001D  c_w.l(libinit2.o)
    0x08000412   0x00000000   Code   RO         8481    .ARM.Collect$$libinit$$0000001F  c_w.l(libinit2.o)
    0x08000412   0x00000000   Code   RO         8483    .ARM.Collect$$libinit$$00000021  c_w.l(libinit2.o)
    0x08000412   0x00000000   Code   RO         8485    .ARM.Collect$$libinit$$00000023  c_w.l(libinit2.o)
    0x08000412   0x00000000   Code   RO         8487    .ARM.Collect$$libinit$$00000025  c_w.l(libinit2.o)
    0x08000412   0x00000000   Code   RO         8491    .ARM.Collect$$libinit$$0000002C  c_w.l(libinit2.o)
    0x08000412   0x00000000   Code   RO         8493    .ARM.Collect$$libinit$$0000002E  c_w.l(libinit2.o)
    0x08000412   0x00000000   Code   RO         8495    .ARM.Collect$$libinit$$00000030  c_w.l(libinit2.o)
    0x08000412   0x00000004   Code   RO         8496    .ARM.Collect$$libinit$$00000031  c_w.l(libinit2.o)
    0x08000416   0x00000000   Code   RO         8497    .ARM.Collect$$libinit$$00000032  c_w.l(libinit2.o)
    0x08000416   0x00000002   Code   RO         8498    .ARM.Collect$$libinit$$00000033  c_w.l(libinit2.o)
    0x08000418   0x00000002   Code   RO         8787    .ARM.Collect$$libshutdown$$00000000  c_w.l(libshutdown.o)
    0x0800041a   0x00000000   Code   RO         8803    .ARM.Collect$$libshutdown$$00000002  c_w.l(libshutdown2.o)
    0x0800041a   0x00000000   Code   RO         8805    .ARM.Collect$$libshutdown$$00000004  c_w.l(libshutdown2.o)
    0x0800041a   0x00000000   Code   RO         8808    .ARM.Collect$$libshutdown$$00000007  c_w.l(libshutdown2.o)
    0x0800041a   0x00000000   Code   RO         8811    .ARM.Collect$$libshutdown$$0000000A  c_w.l(libshutdown2.o)
    0x0800041a   0x00000000   Code   RO         8813    .ARM.Collect$$libshutdown$$0000000C  c_w.l(libshutdown2.o)
    0x0800041a   0x00000000   Code   RO         8816    .ARM.Collect$$libshutdown$$0000000F  c_w.l(libshutdown2.o)
    0x0800041a   0x00000002   Code   RO         8817    .ARM.Collect$$libshutdown$$00000010  c_w.l(libshutdown2.o)
    0x0800041c   0x00000000   Code   RO         8354    .ARM.Collect$$rtentry$$00000000  c_w.l(__rtentry.o)
    0x0800041c   0x00000000   Code   RO         8524    .ARM.Collect$$rtentry$$00000002  c_w.l(__rtentry2.o)
    0x0800041c   0x00000006   Code   RO         8536    .ARM.Collect$$rtentry$$00000004  c_w.l(__rtentry4.o)
    0x08000422   0x00000000   Code   RO         8526    .ARM.Collect$$rtentry$$00000009  c_w.l(__rtentry2.o)
    0x08000422   0x00000004   Code   RO         8527    .ARM.Collect$$rtentry$$0000000A  c_w.l(__rtentry2.o)
    0x08000426   0x00000000   Code   RO         8529    .ARM.Collect$$rtentry$$0000000C  c_w.l(__rtentry2.o)
    0x08000426   0x00000008   Code   RO         8530    .ARM.Collect$$rtentry$$0000000D  c_w.l(__rtentry2.o)
    0x0800042e   0x00000002   Code   RO         8636    .ARM.Collect$$rtexit$$00000000  c_w.l(rtexit.o)
    0x08000430   0x00000000   Code   RO         8727    .ARM.Collect$$rtexit$$00000002  c_w.l(rtexit2.o)
    0x08000430   0x00000004   Code   RO         8728    .ARM.Collect$$rtexit$$00000003  c_w.l(rtexit2.o)
    0x08000434   0x00000006   Code   RO         8729    .ARM.Collect$$rtexit$$00000004  c_w.l(rtexit2.o)
    0x0800043a   0x00000002   PAD
    0x0800043c   0x00000040   Code   RO            4    .text               startup_stm32h723xx.o
    0x0800047c   0x000000ee   Code   RO         8301    .text               c_w.l(lludivv7m.o)
    0x0800056a   0x00000002   PAD
    0x0800056c   0x00000034   Code   RO         8303    .text               c_w.l(c89vsnprintf.o)
    0x080005a0   0x0000008a   Code   RO         8305    .text               c_w.l(rt_memcpy_v6.o)
    0x0800062a   0x00000064   Code   RO         8307    .text               c_w.l(rt_memcpy_w.o)
    0x0800068e   0x0000004e   Code   RO         8309    .text               c_w.l(rt_memclr_w.o)
    0x080006dc   0x00000068   Code   RO         8311    .text               c_w.l(strcmpv7m_pel.o)
    0x08000744   0x00000006   Code   RO         8313    .text               c_w.l(heapauxi.o)
    0x0800074a   0x00000002   PAD
    0x0800074c   0x00000024   Code   RO         8320    .text               c_w.l(init_aeabi.o)
    0x08000770   0x00000016   Code   RO         8359    .text               c_w.l(_rserrno.o)
    0x08000786   0x0000004e   Code   RO         8363    .text               c_w.l(_printf_pad.o)
    0x080007d4   0x00000024   Code   RO         8365    .text               c_w.l(_printf_truncate.o)
    0x080007f8   0x00000052   Code   RO         8367    .text               c_w.l(_printf_str.o)
    0x0800084a   0x00000002   PAD
    0x0800084c   0x00000078   Code   RO         8369    .text               c_w.l(_printf_dec.o)
    0x080008c4   0x00000028   Code   RO         8371    .text               c_w.l(_printf_charcount.o)
    0x080008ec   0x00000030   Code   RO         8373    .text               c_w.l(_printf_char_common.o)
    0x0800091c   0x0000000a   Code   RO         8375    .text               c_w.l(_sputc.o)
    0x08000926   0x00000010   Code   RO         8377    .text               c_w.l(_snputc.o)
    0x08000936   0x00000002   PAD
    0x08000938   0x000000bc   Code   RO         8379    .text               c_w.l(_printf_wctomb.o)
    0x080009f4   0x0000007c   Code   RO         8382    .text               c_w.l(_printf_longlong_dec.o)
    0x08000a70   0x00000070   Code   RO         8388    .text               c_w.l(_printf_oct_int_ll.o)
    0x08000ae0   0x00000094   Code   RO         8408    .text               c_w.l(_printf_hex_int_ll_ptr.o)
    0x08000b74   0x00000188   Code   RO         8428    .text               c_w.l(__printf_flags_ss_wp.o)
    0x08000cfc   0x00000008   Code   RO         8543    .text               c_w.l(rt_errno_addr_intlibspace.o)
    0x08000d04   0x0000008a   Code   RO         8545    .text               c_w.l(lludiv10.o)
    0x08000d8e   0x000000b2   Code   RO         8547    .text               c_w.l(_printf_intcommon.o)
    0x08000e40   0x0000041e   Code   RO         8549    .text               c_w.l(_printf_fp_dec.o)
    0x0800125e   0x0000002c   Code   RO         8553    .text               c_w.l(_printf_char.o)
    0x0800128a   0x0000002c   Code   RO         8555    .text               c_w.l(_printf_wchar.o)
    0x080012b6   0x00000040   Code   RO         8558    .text               c_w.l(_wcrtomb.o)
    0x080012f6   0x00000002   PAD
    0x080012f8   0x00000008   Code   RO         8567    .text               c_w.l(libspace.o)
    0x08001300   0x0000004a   Code   RO         8570    .text               c_w.l(sys_stackheap_outer.o)
    0x0800134a   0x00000002   PAD
    0x0800134c   0x00000010   Code   RO         8572    .text               c_w.l(rt_ctype_table.o)
    0x0800135c   0x00000008   Code   RO         8577    .text               c_w.l(rt_locale_intlibspace.o)
    0x08001364   0x00000080   Code   RO         8579    .text               c_w.l(_printf_fp_infnan.o)
    0x080013e4   0x000000e4   Code   RO         8581    .text               c_w.l(bigflt0.o)
    0x080014c8   0x00000012   Code   RO         8609    .text               c_w.l(exit.o)
    0x080014da   0x00000002   PAD
    0x080014dc   0x0000000c   Code   RO         8719    .text               c_w.l(sys_exit.o)
    0x080014e8   0x00000002   Code   RO         8721    .text               c_w.l(use_no_semi.o)
    0x080014ea   0x00000000   Code   RO         8725    .text               c_w.l(indicate_semi.o)
    0x080014ea   0x0000003e   Code   RO         8584    CL$$btod_d2e        c_w.l(btod.o)
    0x08001528   0x00000046   Code   RO         8586    CL$$btod_d2e_denorm_low  c_w.l(btod.o)
    0x0800156e   0x00000060   Code   RO         8585    CL$$btod_d2e_norm_op1  c_w.l(btod.o)
    0x080015ce   0x00000338   Code   RO         8594    CL$$btod_div_common  c_w.l(btod.o)
    0x08001906   0x000000dc   Code   RO         8591    CL$$btod_e2e        c_w.l(btod.o)
    0x080019e2   0x0000002a   Code   RO         8588    CL$$btod_ediv       c_w.l(btod.o)
    0x08001a0c   0x0000002a   Code   RO         8587    CL$$btod_emul       c_w.l(btod.o)
    0x08001a36   0x00000244   Code   RO         8593    CL$$btod_mult_common  c_w.l(btod.o)
    0x08001c7a   0x00000004   Code   RO          478    i.BusFault_Handler  stm32h7xx_it.o
    0x08001c7e   0x00000002   PAD
    0x08001c80   0x00000010   Code   RO          479    i.DMA1_Stream0_IRQHandler  stm32h7xx_it.o
    0x08001c90   0x00000010   Code   RO          480    i.DMA1_Stream1_IRQHandler  stm32h7xx_it.o
    0x08001ca0   0x00000010   Code   RO          481    i.DMA1_Stream2_IRQHandler  stm32h7xx_it.o
    0x08001cb0   0x00000010   Code   RO          482    i.DMA1_Stream3_IRQHandler  stm32h7xx_it.o
    0x08001cc0   0x00000010   Code   RO          483    i.DMA1_Stream4_IRQHandler  stm32h7xx_it.o
    0x08001cd0   0x00000010   Code   RO          484    i.DMA1_Stream5_IRQHandler  stm32h7xx_it.o
    0x08001ce0   0x00000010   Code   RO          485    i.DMA1_Stream6_IRQHandler  stm32h7xx_it.o
    0x08001cf0   0x00000010   Code   RO          486    i.DMA1_Stream7_IRQHandler  stm32h7xx_it.o
    0x08001d00   0x00000010   Code   RO          487    i.DMA2_Stream0_IRQHandler  stm32h7xx_it.o
    0x08001d10   0x00000002   Code   RO          488    i.DebugMon_Handler  stm32h7xx_it.o
    0x08001d12   0x00000024   Code   RO          489    i.EXTI15_10_IRQHandler  stm32h7xx_it.o
    0x08001d36   0x00000006   Code   RO           13    i.Error_Handler     main.o
    0x08001d3c   0x00000010   Code   RO          490    i.FDCAN1_IT0_IRQHandler  stm32h7xx_it.o
    0x08001d4c   0x00000010   Code   RO          491    i.FDCAN2_IT0_IRQHandler  stm32h7xx_it.o
    0x08001d5c   0x000004dc   Code   RO         1738    i.HAL_DMA_Abort     stm32h7xx_hal_dma.o
    0x08002238   0x00000398   Code   RO         1739    i.HAL_DMA_Abort_IT  stm32h7xx_hal_dma.o
    0x080025d0   0x00000af8   Code   RO         1743    i.HAL_DMA_IRQHandler  stm32h7xx_hal_dma.o
    0x080030c8   0x00000514   Code   RO         1744    i.HAL_DMA_Init      stm32h7xx_hal_dma.o
    0x080035dc   0x000003e0   Code   RO         1747    i.HAL_DMA_Start_IT  stm32h7xx_hal_dma.o
    0x080039bc   0x00000028   Code   RO         2542    i.HAL_Delay         stm32h7xx_hal.o
    0x080039e4   0x000000a8   Code   RO         3632    i.HAL_FDCAN_ActivateNotification  stm32h7xx_hal_fdcan.o
    0x08003a8c   0x00000090   Code   RO         3634    i.HAL_FDCAN_AddMessageToTxFifoQ  stm32h7xx_hal_fdcan.o
    0x08003b1c   0x00000002   Code   RO         3635    i.HAL_FDCAN_ClockCalibrationCallback  stm32h7xx_hal_fdcan.o
    0x08003b1e   0x000000a8   Code   RO         3639    i.HAL_FDCAN_ConfigFilter  stm32h7xx_hal_fdcan.o
    0x08003bc6   0x00000034   Code   RO         3640    i.HAL_FDCAN_ConfigGlobalFilter  stm32h7xx_hal_fdcan.o
    0x08003bfa   0x00000002   Code   RO         3661    i.HAL_FDCAN_ErrorCallback  stm32h7xx_hal_fdcan.o
    0x08003bfc   0x00000002   Code   RO         3662    i.HAL_FDCAN_ErrorStatusCallback  stm32h7xx_hal_fdcan.o
    0x08003bfe   0x00000002   PAD
    0x08003c00   0x00000210   Code   RO         3673    i.HAL_FDCAN_GetRxMessage  stm32h7xx_hal_fdcan.o
    0x08003e10   0x00000002   Code   RO         3679    i.HAL_FDCAN_HighPriorityMessageCallback  stm32h7xx_hal_fdcan.o
    0x08003e12   0x00000002   PAD
    0x08003e14   0x000003d4   Code   RO         3680    i.HAL_FDCAN_IRQHandler  stm32h7xx_hal_fdcan.o
    0x080041e8   0x000002e0   Code   RO         3681    i.HAL_FDCAN_Init    stm32h7xx_hal_fdcan.o
    0x080044c8   0x000001fc   Code   RO          245    i.HAL_FDCAN_MspInit  fdcan.o
    0x080046c4   0x00000002   Code   RO         3690    i.HAL_FDCAN_RxBufferNewMessageCallback  stm32h7xx_hal_fdcan.o
    0x080046c6   0x00000002   PAD
    0x080046c8   0x0000009c   Code   RO         6444    i.HAL_FDCAN_RxFifo0Callback  drv_can.o
    0x08004764   0x0000009c   Code   RO         6445    i.HAL_FDCAN_RxFifo1Callback  drv_can.o
    0x08004800   0x00000034   Code   RO         3693    i.HAL_FDCAN_Start   stm32h7xx_hal_fdcan.o
    0x08004834   0x00000002   Code   RO         3715    i.HAL_FDCAN_TT_GlobalTimeCallback  stm32h7xx_hal_fdcan.o
    0x08004836   0x00000002   Code   RO         3716    i.HAL_FDCAN_TT_ScheduleSyncCallback  stm32h7xx_hal_fdcan.o
    0x08004838   0x00000002   Code   RO         3721    i.HAL_FDCAN_TT_StopWatchCallback  stm32h7xx_hal_fdcan.o
    0x0800483a   0x00000002   Code   RO         3722    i.HAL_FDCAN_TT_TimeMarkCallback  stm32h7xx_hal_fdcan.o
    0x0800483c   0x00000002   Code   RO         3723    i.HAL_FDCAN_TimeoutOccurredCallback  stm32h7xx_hal_fdcan.o
    0x0800483e   0x00000002   Code   RO         3724    i.HAL_FDCAN_TimestampWraparoundCallback  stm32h7xx_hal_fdcan.o
    0x08004840   0x00000002   Code   RO         3725    i.HAL_FDCAN_TxBufferAbortCallback  stm32h7xx_hal_fdcan.o
    0x08004842   0x00000002   Code   RO         3726    i.HAL_FDCAN_TxBufferCompleteCallback  stm32h7xx_hal_fdcan.o
    0x08004844   0x00000002   Code   RO         3727    i.HAL_FDCAN_TxEventFifoCallback  stm32h7xx_hal_fdcan.o
    0x08004846   0x00000002   Code   RO         3728    i.HAL_FDCAN_TxFifoEmptyCallback  stm32h7xx_hal_fdcan.o
    0x08004848   0x00000114   Code   RO         6703    i.HAL_GPIO_EXTI_Callback  drv_gpio_exti.o
    0x0800495c   0x0000001c   Code   RO         1571    i.HAL_GPIO_EXTI_IRQHandler  stm32h7xx_hal_gpio.o
    0x08004978   0x000001fc   Code   RO         1572    i.HAL_GPIO_Init     stm32h7xx_hal_gpio.o
    0x08004b74   0x00000010   Code   RO         1574    i.HAL_GPIO_ReadPin  stm32h7xx_hal_gpio.o
    0x08004b84   0x0000000c   Code   RO         1576    i.HAL_GPIO_WritePin  stm32h7xx_hal_gpio.o
    0x08004b90   0x0000000c   Code   RO         2558    i.HAL_GetTick       stm32h7xx_hal.o
    0x08004b9c   0x00000018   Code   RO         2564    i.HAL_IncTick       stm32h7xx_hal.o
    0x08004bb4   0x00000060   Code   RO         2565    i.HAL_Init          stm32h7xx_hal.o
    0x08004c14   0x00000058   Code   RO         2566    i.HAL_InitTick      stm32h7xx_hal.o
    0x08004c6c   0x00000024   Code   RO          703    i.HAL_MspInit       stm32h7xx_hal_msp.o
    0x08004c90   0x00000028   Code   RO          736    i.HAL_NVIC_EnableIRQ  stm32h7xx_hal_cortex.o
    0x08004cb8   0x0000007a   Code   RO          742    i.HAL_NVIC_SetPriority  stm32h7xx_hal_cortex.o
    0x08004d32   0x00000002   PAD
    0x08004d34   0x00000028   Code   RO          743    i.HAL_NVIC_SetPriorityGrouping  stm32h7xx_hal_cortex.o
    0x08004d5c   0x00000060   Code   RO         2256    i.HAL_PWREx_ConfigSupply  stm32h7xx_hal_pwr_ex.o
    0x08004dbc   0x00000024   Code   RO         1039    i.HAL_RCCEx_GetD3PCLK1Freq  stm32h7xx_hal_rcc_ex.o
    0x08004de0   0x00000230   Code   RO         1041    i.HAL_RCCEx_GetPLL2ClockFreq  stm32h7xx_hal_rcc_ex.o
    0x08005010   0x00000230   Code   RO         1042    i.HAL_RCCEx_GetPLL3ClockFreq  stm32h7xx_hal_rcc_ex.o
    0x08005240   0x00000cc8   Code   RO         1048    i.HAL_RCCEx_PeriphCLKConfig  stm32h7xx_hal_rcc_ex.o
    0x08005f08   0x00000320   Code   RO          910    i.HAL_RCC_ClockConfig  stm32h7xx_hal_rcc.o
    0x08006228   0x0000004c   Code   RO          915    i.HAL_RCC_GetHCLKFreq  stm32h7xx_hal_rcc.o
    0x08006274   0x00000024   Code   RO          917    i.HAL_RCC_GetPCLK1Freq  stm32h7xx_hal_rcc.o
    0x08006298   0x00000024   Code   RO          918    i.HAL_RCC_GetPCLK2Freq  stm32h7xx_hal_rcc.o
    0x080062bc   0x0000022c   Code   RO          919    i.HAL_RCC_GetSysClockFreq  stm32h7xx_hal_rcc.o
    0x080064e8   0x0000075c   Code   RO          922    i.HAL_RCC_OscConfig  stm32h7xx_hal_rcc.o
    0x08006c44   0x00000014   Code   RO         2572    i.HAL_SYSCFG_AnalogSwitchConfig  stm32h7xx_hal.o
    0x08006c58   0x00000034   Code   RO          747    i.HAL_SYSTICK_Config  stm32h7xx_hal_cortex.o
    0x08006c8c   0x00000002   Code   RO         5197    i.HAL_TIMEx_Break2Callback  stm32h7xx_hal_tim_ex.o
    0x08006c8e   0x00000002   Code   RO         5198    i.HAL_TIMEx_BreakCallback  stm32h7xx_hal_tim_ex.o
    0x08006c90   0x00000002   Code   RO         5199    i.HAL_TIMEx_CommutCallback  stm32h7xx_hal_tim_ex.o
    0x08006c92   0x00000002   PAD
    0x08006c94   0x000000e4   Code   RO         5220    i.HAL_TIMEx_MasterConfigSynchronization  stm32h7xx_hal_tim_ex.o
    0x08006d78   0x0000006e   Code   RO         4351    i.HAL_TIM_Base_Init  stm32h7xx_hal_tim.o
    0x08006de6   0x00000002   PAD
    0x08006de8   0x0000007c   Code   RO          305    i.HAL_TIM_Base_MspInit  tim.o
    0x08006e64   0x000000cc   Code   RO         4356    i.HAL_TIM_Base_Start_IT  stm32h7xx_hal_tim.o
    0x08006f30   0x00000134   Code   RO         4360    i.HAL_TIM_ConfigClockSource  stm32h7xx_hal_tim.o
    0x08007064   0x00000002   Code   RO         4385    i.HAL_TIM_IC_CaptureCallback  stm32h7xx_hal_tim.o
    0x08007066   0x00000198   Code   RO         4399    i.HAL_TIM_IRQHandler  stm32h7xx_hal_tim.o
    0x080071fe   0x00000002   PAD
    0x08007200   0x000000a0   Code   RO          306    i.HAL_TIM_MspPostInit  tim.o
    0x080072a0   0x00000002   Code   RO         4402    i.HAL_TIM_OC_DelayElapsedCallback  stm32h7xx_hal_tim.o
    0x080072a2   0x00000170   Code   RO         4423    i.HAL_TIM_PWM_ConfigChannel  stm32h7xx_hal_tim.o
    0x08007412   0x0000006e   Code   RO         4426    i.HAL_TIM_PWM_Init  stm32h7xx_hal_tim.o
    0x08007480   0x00000058   Code   RO          308    i.HAL_TIM_PWM_MspInit  tim.o
    0x080074d8   0x00000002   Code   RO         4429    i.HAL_TIM_PWM_PulseFinishedCallback  stm32h7xx_hal_tim.o
    0x080074da   0x00000002   PAD
    0x080074dc   0x0000017c   Code   RO         4431    i.HAL_TIM_PWM_Start  stm32h7xx_hal_tim.o
    0x08007658   0x00000200   Code   RO         6405    i.HAL_TIM_PeriodElapsedCallback  drv_tim.o
    0x08007858   0x00000002   Code   RO         4442    i.HAL_TIM_TriggerCallback  stm32h7xx_hal_tim.o
    0x0800785a   0x0000004e   Code   RO         6043    i.HAL_UARTEx_DisableFifoMode  stm32h7xx_hal_uart_ex.o
    0x080078a8   0x00000062   Code   RO         6049    i.HAL_UARTEx_ReceiveToIdle_DMA  stm32h7xx_hal_uart_ex.o
    0x0800790a   0x00000002   PAD
    0x0800790c   0x00000238   Code   RO         6741    i.HAL_UARTEx_RxEventCallback  drv_uart.o
    0x08007b44   0x00000002   Code   RO         6051    i.HAL_UARTEx_RxFifoFullCallback  stm32h7xx_hal_uart_ex.o
    0x08007b46   0x0000005e   Code   RO         6052    i.HAL_UARTEx_SetRxFifoThreshold  stm32h7xx_hal_uart_ex.o
    0x08007ba4   0x0000005e   Code   RO         6053    i.HAL_UARTEx_SetTxFifoThreshold  stm32h7xx_hal_uart_ex.o
    0x08007c02   0x00000002   Code   RO         6055    i.HAL_UARTEx_TxFifoEmptyCallback  stm32h7xx_hal_uart_ex.o
    0x08007c04   0x00000002   Code   RO         6056    i.HAL_UARTEx_WakeupCallback  stm32h7xx_hal_uart_ex.o
    0x08007c06   0x00000002   Code   RO         5573    i.HAL_UART_ErrorCallback  stm32h7xx_hal_uart.o
    0x08007c08   0x000004b6   Code   RO         5576    i.HAL_UART_IRQHandler  stm32h7xx_hal_uart.o
    0x080080be   0x00000078   Code   RO         5577    i.HAL_UART_Init     stm32h7xx_hal_uart.o
    0x08008136   0x00000002   PAD
    0x08008138   0x000006b0   Code   RO          392    i.HAL_UART_MspInit  usart.o
    0x080087e8   0x00000002   Code   RO         5584    i.HAL_UART_RxCpltCallback  stm32h7xx_hal_uart.o
    0x080087ea   0x00000002   Code   RO         5585    i.HAL_UART_RxHalfCpltCallback  stm32h7xx_hal_uart.o
    0x080087ec   0x000000d4   Code   RO         5586    i.HAL_UART_Transmit  stm32h7xx_hal_uart.o
    0x080088c0   0x000000a0   Code   RO         5587    i.HAL_UART_Transmit_DMA  stm32h7xx_hal_uart.o
    0x08008960   0x000000ac   Code   RO         5588    i.HAL_UART_Transmit_IT  stm32h7xx_hal_uart.o
    0x08008a0c   0x00000020   Code   RO         6801    i.HAL_UART_TxCpltCallback  go-m8010-6.o
    0x08008a2c   0x00000002   Code   RO         5590    i.HAL_UART_TxHalfCpltCallback  stm32h7xx_hal_uart.o
    0x08008a2e   0x00000004   Code   RO          492    i.HardFault_Handler  stm32h7xx_it.o
    0x08008a32   0x00000002   PAD
    0x08008a34   0x000000d0   Code   RO          219    i.MX_DMA_Init       dma.o
    0x08008b04   0x0000008c   Code   RO          246    i.MX_FDCAN1_Init    fdcan.o
    0x08008b90   0x0000008c   Code   RO          247    i.MX_FDCAN2_Init    fdcan.o
    0x08008c1c   0x0000008c   Code   RO          248    i.MX_FDCAN3_Init    fdcan.o
    0x08008ca8   0x000001b8   Code   RO          194    i.MX_GPIO_Init      gpio.o
    0x08008e60   0x00000080   Code   RO          309    i.MX_TIM12_Init     tim.o
    0x08008ee0   0x0000007c   Code   RO          310    i.MX_TIM3_Init      tim.o
    0x08008f5c   0x0000006c   Code   RO          311    i.MX_TIM4_Init      tim.o
    0x08008fc8   0x00000070   Code   RO          312    i.MX_TIM5_Init      tim.o
    0x08009038   0x00000074   Code   RO          393    i.MX_UART5_Init     usart.o
    0x080090ac   0x0000006c   Code   RO          394    i.MX_UART7_Init     usart.o
    0x08009118   0x0000006c   Code   RO          395    i.MX_UART8_Init     usart.o
    0x08009184   0x0000006c   Code   RO          396    i.MX_USART10_UART_Init  usart.o
    0x080091f0   0x0000006c   Code   RO          397    i.MX_USART1_UART_Init  usart.o
    0x0800925c   0x0000006c   Code   RO          398    i.MX_USART2_UART_Init  usart.o
    0x080092c8   0x0000006c   Code   RO          399    i.MX_USART3_UART_Init  usart.o
    0x08009334   0x00000004   Code   RO          493    i.MemManage_Handler  stm32h7xx_it.o
    0x08009338   0x00000004   Code   RO          494    i.NMI_Handler       stm32h7xx_it.o
    0x0800933c   0x00000002   Code   RO          495    i.PendSV_Handler    stm32h7xx_it.o
    0x0800933e   0x00000002   Code   RO          496    i.SVC_Handler       stm32h7xx_it.o
    0x08009340   0x00000008   Code   RO          497    i.SysTick_Handler   stm32h7xx_it.o
    0x08009348   0x000000e0   Code   RO         6185    i.SystemInit        system_stm32h7xx.o
    0x08009428   0x00000010   Code   RO          498    i.TIM4_IRQHandler   stm32h7xx_it.o
    0x08009438   0x00000010   Code   RO          499    i.TIM5_IRQHandler   stm32h7xx_it.o
    0x08009448   0x000000e8   Code   RO         4444    i.TIM_Base_SetConfig  stm32h7xx_hal_tim.o
    0x08009530   0x00000022   Code   RO         4445    i.TIM_CCxChannelCmd  stm32h7xx_hal_tim.o
    0x08009552   0x00000016   Code   RO         4450    i.TIM_ETR_SetConfig  stm32h7xx_hal_tim.o
    0x08009568   0x000000b8   Code   RO         4451    i.TIM_OC2_SetConfig  stm32h7xx_hal_tim.o
    0x08009620   0x000000b4   Code   RO         7903    i.Task_Init         tsk_config_and_callback.o
    0x080096d4   0x00000002   Code   RO         7904    i.Task_Loop         tsk_config_and_callback.o
    0x080096d6   0x00000002   PAD
    0x080096d8   0x00000010   Code   RO          500    i.UART5_IRQHandler  stm32h7xx_it.o
    0x080096e8   0x00000010   Code   RO          501    i.UART7_IRQHandler  stm32h7xx_it.o
    0x080096f8   0x00000010   Code   RO          502    i.UART8_IRQHandler  stm32h7xx_it.o
    0x08009708   0x000000f8   Code   RO         5591    i.UART_AdvFeatureConfig  stm32h7xx_hal_uart.o
    0x08009800   0x000000ea   Code   RO         5592    i.UART_CheckIdleState  stm32h7xx_hal_uart.o
    0x080098ea   0x00000002   PAD
    0x080098ec   0x00000628   Code   RO         5593    i.UART_SetConfig    stm32h7xx_hal_uart.o
    0x08009f14   0x000000c8   Code   RO         5594    i.UART_Start_Receive_DMA  stm32h7xx_hal_uart.o
    0x08009fdc   0x000000ac   Code   RO         5596    i.UART_WaitOnFlagUntilTimeout  stm32h7xx_hal_uart.o
    0x0800a088   0x00000010   Code   RO          503    i.USART10_IRQHandler  stm32h7xx_it.o
    0x0800a098   0x00000010   Code   RO          504    i.USART1_IRQHandler  stm32h7xx_it.o
    0x0800a0a8   0x00000010   Code   RO          505    i.USART2_IRQHandler  stm32h7xx_it.o
    0x0800a0b8   0x00000004   Code   RO          506    i.UsageFault_Handler  stm32h7xx_it.o
    0x0800a0bc   0x00000084   Code   RO         7358    i._Z10DWT_Updatev   dvc_dwt.o
    0x0800a140   0x0000009c   Code   RO         6446    i._Z10FDCAN_InitP19FDCAN_HandleTypeDefPFvP22Struct_FDCAN_Rx_BufferE  drv_can.o
    0x0800a1dc   0x00000018   Code   RO         6612    i._Z11BSP_Set_DC519Enum_BSP_DC5_Status  drv_bsp.o
    0x0800a1f4   0x00000218   Code   RO         6802    i._Z11modify_dataP10MOTOR_send  go-m8010-6.o
    0x0800a40c   0x000000c0   Code   RO         6803    i._Z12extract_dataP10MOTOR_recv  go-m8010-6.o
    0x0800a4cc   0x00000018   Code   RO         6615    i._Z14BSP_Set_DC24_L20Enum_BSP_DC24_Status  drv_bsp.o
    0x0800a4e4   0x00000018   Code   RO         6616    i._Z14BSP_Set_DC24_R20Enum_BSP_DC24_Status  drv_bsp.o
    0x0800a4fc   0x00000014   Code   RO         6743    i._Z14UART_Send_DataP20__UART_HandleTypeDefPht  drv_uart.o
    0x0800a510   0x00000086   Code   RO         6447    i._Z15FDCAN_Send_DataP19FDCAN_HandleTypeDefjPh18Enum_FDCAN_ID_Typeh  drv_can.o
    0x0800a596   0x00000022   Code   RO         7033    i._Z15power_calculateffffff  dvc_motor_dji.o
    0x0800a5b8   0x00000248   Code   RO         7034    i._Z16allocate_tx_dataP19FDCAN_HandleTypeDef17Enum_Motor_DJI_ID36Enum_Motor_DJI_GM6020_Driver_Version  dvc_motor_dji.o
    0x0800a800   0x00000032   Code   RO         6516    i._Z17Math_Int_To_Floatiiiff  drv_math.o
    0x0800a832   0x00000002   PAD
    0x0800a834   0x00000038   Code   RO         7514    i._Z17MotorControl_Initv  motorcontrol.o
    0x0800a86c   0x00000038   Code   RO         6804    i._Z17Motor_Rx_CallbackPht  go-m8010-6.o
    0x0800a8a4   0x00000020   Code   RO         6617    i._Z18BSP_Set_PWM_Buzzerf  drv_bsp.o
    0x0800a8c4   0x000000b8   Code   RO           14    i._Z18SystemClock_Configv  main.o
    0x0800a97c   0x0000001c   Code   RO         7905    i._Z19DR16_UART5_CallbackPht  tsk_config_and_callback.o
    0x0800a998   0x00000240   Code   RO         7515    i._Z19MotorControl_Updatev  motorcontrol.o
    0x0800abd8   0x00000078   Code   RO         7910    i._Z21Task1ms_TIM5_Callbackv  tsk_config_and_callback.o
    0x0800ac50   0x00000020   Code   RO         6618    i._Z22BSP_Set_PWM_IMU_Heaterf  drv_bsp.o
    0x0800ac70   0x00000060   Code   RO         7911    i._Z22Device_FDCAN1_CallbackP22Struct_FDCAN_Rx_Buffer  tsk_config_and_callback.o
    0x0800acd0   0x00000028   Code   RO         7912    i._Z22Device_FDCAN2_CallbackP22Struct_FDCAN_Rx_Buffer  tsk_config_and_callback.o
    0x0800acf8   0x00000022   Code   RO         6518    i._Z22Math_Endian_Reverse_16PvS_  drv_math.o
    0x0800ad1a   0x00000002   PAD
    0x0800ad1c   0x0000002c   Code   RO         6805    i._Z22SERVO_Send_recv_Motor1P10MOTOR_sendP10MOTOR_recv  go-m8010-6.o
    0x0800ad48   0x0000004c   Code   RO         7914    i._Z22Task10ms_TIM4_Callbackv  tsk_config_and_callback.o
    0x0800ad94   0x000000a2   Code   RO         6448    i._Z24FDCAN_Filter_Mask_ConfigP19FDCAN_HandleTypeDefhjj  drv_can.o
    0x0800ae36   0x00000002   PAD
    0x0800ae38   0x0000001c   Code   RO         6449    i._Z33TIM_1ms_CAN_PeriodElapsedCallbackv  drv_can.o
    0x0800ae54   0x00000018   Code   RO         6744    i._Z34TIM_1ms_UART_PeriodElapsedCallbackv  drv_uart.o
    0x0800ae6c   0x00000058   Code   RO         6619    i._Z8BSP_Initjff    drv_bsp.o
    0x0800aec4   0x00000040   Code   RO         7363    i._Z8DWT_Initv      dvc_dwt.o
    0x0800af04   0x0000017c   Code   RO         6406    i._Z8TIM_InitP17TIM_HandleTypeDefPFvvE  drv_tim.o
    0x0800b080   0x000001c0   Code   RO         6745    i._Z9UART_InitP20__UART_HandleTypeDefPFvPhtEt  drv_uart.o
    0x0800b240   0x00000006   Code   RO         7755    i._ZN10Class_DR1610Get_Left_XEv  ita_robot.o
    0x0800b246   0x00000006   Code   RO         7749    i._ZN10Class_DR1610Get_Left_YEv  ita_robot.o
    0x0800b24c   0x00000006   Code   RO         7743    i._ZN10Class_DR1611Get_Right_YEv  ita_robot.o
    0x0800b252   0x00000080   Code   RO         7257    i._ZN10Class_DR1612Judge_SwitchEP23Enum_DR16_Switch_Statushh  dvc_dr16.o
    0x0800b2d2   0x00000068   Code   RO         7258    i._ZN10Class_DR1612Judge_UpdataE21Struct_DR16_UART_DataS0_  dvc_dr16.o
    0x0800b33a   0x00000008   Code   RO         7785    i._ZN10Class_DR1615Get_DR16_StatusEv  ita_robot.o
    0x0800b342   0x00000008   Code   RO         7791    i._ZN10Class_DR1616Get_Right_SwitchEv  ita_robot.o
    0x0800b34a   0x00000002   PAD
    0x0800b34c   0x000001f4   Code   RO         7259    i._ZN10Class_DR1617DR16_Data_ProcessEv  dvc_dr16.o
    0x0800b540   0x00000024   Code   RO         7261    i._ZN10Class_DR1624DR16_UART_RxCpltCallbackEPh  dvc_dr16.o
    0x0800b564   0x0000005c   Code   RO         7263    i._ZN10Class_DR1639TIM1msMod50_Alive_PeriodElapsedCallbackEv  dvc_dr16.o
    0x0800b5c0   0x00000084   Code   RO         7264    i._ZN10Class_DR164InitEP20__UART_HandleTypeDef  dvc_dr16.o
    0x0800b644   0x00000006   Code   RO         7737    i._ZN10Class_DR167Get_YawEv  ita_robot.o
    0x0800b64a   0x0000003e   Code   RO         7265    i._ZN10Class_DR169Judge_KeyEP20Enum_DR16_Key_Statushh  dvc_dr16.o
    0x0800b688   0x00000006   Code   RO         7797    i._ZN10Class_Orin10Get_StatusEv  ita_robot.o
    0x0800b68e   0x0000001e   Code   RO         7564    i._ZN10Class_Orin13Clear_Rx_DataEv  dvc_nvidiaorin.o
    0x0800b6ac   0x00000150   Code   RO         7566    i._ZN10Class_Orin20FDCAN_RxCpltCallbackEP22Struct_FDCAN_Rx_Buffer  dvc_nvidiaorin.o
    0x0800b7fc   0x00000068   Code   RO         7567    i._ZN10Class_Orin35TIM_10ms_Send_PeriodElapsedCallbackEv  dvc_nvidiaorin.o
    0x0800b864   0x00000022   Code   RO         7568    i._ZN10Class_Orin38TIM_1000ms_Alive_PeriodElapsedCallbackEv  dvc_nvidiaorin.o
    0x0800b886   0x00000002   PAD
    0x0800b888   0x00000078   Code   RO         7569    i._ZN10Class_Orin4InitEP19FDCAN_HandleTypeDef  dvc_nvidiaorin.o
    0x0800b900   0x00000078   Code   RO         8039    i._ZN10Class_OrinC1Ev  tsk_config_and_callback.o
    0x0800b978   0x00000006   Code   RO         8144    i._ZN11Class_Slope10Set_TargetEf  crt_chassis.o
    0x0800b97e   0x00000006   Code   RO         8138    i._ZN11Class_Slope12Set_Now_RealEf  crt_chassis.o
    0x0800b984   0x0000025c   Code   RO         6369    i._ZN11Class_Slope35TIM_Calculate_PeriodElapsedCallbackEv  alg_slope.o
    0x0800bbe0   0x0000000c   Code   RO         6370    i._ZN11Class_Slope4InitEff16Enum_Slope_First  alg_slope.o
    0x0800bbec   0x00000006   Code   RO         8132    i._ZN11Class_Slope7Get_OutEv  crt_chassis.o
    0x0800bbf2   0x00000002   PAD
    0x0800bbf4   0x0000003c   Code   RO         8027    i._ZN11Class_SlopeC1Ev  tsk_config_and_callback.o
    0x0800bc30   0x00000470   Code   RO         7646    i._ZN13Class_Chariot16_Chassis_ControlEv  ita_robot.o
    0x0800c0a0   0x0000000c   Code   RO         7647    i._ZN13Class_Chariot20TIM_Control_CallbackEv  ita_robot.o
    0x0800c0ac   0x0000003e   Code   RO         7648    i._ZN13Class_Chariot23Judge_Active_ControllerEv  ita_robot.o
    0x0800c0ea   0x0000002c   Code   RO         7649    i._ZN13Class_Chariot23Judge_DR16_Control_TypeEv  ita_robot.o
    0x0800c116   0x0000000c   Code   RO         7650    i._ZN13Class_Chariot37TIM_100ms_Alive_PeriodElapsedCallbackEv  ita_robot.o
    0x0800c122   0x0000000e   Code   RO         7651    i._ZN13Class_Chariot38TIM_1000ms_Alive_PeriodElapsedCallbackEv  ita_robot.o
    0x0800c130   0x00000010   Code   RO         7652    i._ZN13Class_Chariot39TIM_2ms_Calculate_PeriodElapsedCallbackEv  ita_robot.o
    0x0800c140   0x00000100   Code   RO         7653    i._ZN13Class_Chariot40TIM_Unline_Protect_PeriodElapsedCallbackEv  ita_robot.o
    0x0800c240   0x00000048   Code   RO         7654    i._ZN13Class_Chariot4InitEf  ita_robot.o
    0x0800c288   0x000000e0   Code   RO         8033    i._ZN13Class_ChariotC1Ev  tsk_config_and_callback.o
    0x0800c368   0x0000012c   Code   RO         8093    i._ZN18Class_Omni_Chassis15Self_ResolutionEv  crt_chassis.o
    0x0800c494   0x0000000a   Code   RO         7779    i._ZN18Class_Omni_Chassis16Set_Target_OmegaEf  ita_robot.o
    0x0800c49e   0x0000000a   Code   RO         7767    i._ZN18Class_Omni_Chassis21Set_Target_Velocity_XEf  ita_robot.o
    0x0800c4a8   0x0000000a   Code   RO         7773    i._ZN18Class_Omni_Chassis21Set_Target_Velocity_YEf  ita_robot.o
    0x0800c4b2   0x00000006   Code   RO         7761    i._ZN18Class_Omni_Chassis24Set_Chassis_Control_TypeE25Enum_Chassis_Control_Type  ita_robot.o
    0x0800c4b8   0x0000027c   Code   RO         8094    i._ZN18Class_Omni_Chassis29Kinematics_Inverse_ResolutionEv  crt_chassis.o
    0x0800c734   0x0000009e   Code   RO         8095    i._ZN18Class_Omni_Chassis35TIM_Calculate_PeriodElapsedCallbackE18Enum_Sprint_Status  crt_chassis.o
    0x0800c7d2   0x00000002   PAD
    0x0800c7d4   0x000001c8   Code   RO         8096    i._ZN18Class_Omni_Chassis4InitEfff  crt_chassis.o
    0x0800c99c   0x00000154   Code   RO         7042    i._ZN20Class_Motor_DJI_C62012Data_ProcessEv  dvc_motor_dji.o
    0x0800caf0   0x000000d4   Code   RO         7043    i._ZN20Class_Motor_DJI_C62013PID_CalculateEv  dvc_motor_dji.o
    0x0800cbc4   0x00000006   Code   RO         8156    i._ZN20Class_Motor_DJI_C62016Set_Target_OmegaEf  crt_chassis.o
    0x0800cbca   0x00000006   Code   RO         8150    i._ZN20Class_Motor_DJI_C62018Set_Control_MethodE29Enum_Motor_DJI_Control_Method  crt_chassis.o
    0x0800cbd0   0x00000018   Code   RO         7045    i._ZN20Class_Motor_DJI_C62020FDCAN_RxCpltCallbackEPh  dvc_motor_dji.o
    0x0800cbe8   0x00000068   Code   RO         7046    i._ZN20Class_Motor_DJI_C62035TIM_Calculate_PeriodElapsedCallbackEv  dvc_motor_dji.o
    0x0800cc50   0x0000007c   Code   RO         7048    i._ZN20Class_Motor_DJI_C6204InitEP19FDCAN_HandleTypeDef17Enum_Motor_DJI_ID29Enum_Motor_DJI_Control_Methodf33Enum_Motor_DJI_Power_Limit_Statusf  dvc_motor_dji.o
    0x0800cccc   0x00000028   Code   RO         7050    i._ZN20Class_Motor_DJI_C6206OutputEv  dvc_motor_dji.o
    0x0800ccf4   0x000000ac   Code   RO         8036    i._ZN20Class_Motor_DJI_C620C1Ev  tsk_config_and_callback.o
    0x0800cda0   0x00000018   Code   RO         6806    i._ZN34_INTERNAL_12_GO_M8010_6_c_783aadab14crc_ccitt_byteEth  go-m8010-6.o
    0x0800cdb8   0x00000028   Code   RO         6807    i._ZN34_INTERNAL_12_GO_M8010_6_c_783aadab9crc_ccittEtPKhj  go-m8010-6.o
    0x0800cde0   0x00000034   Code   RO         7655    i._ZN35_INTERNAL_13_ita_robot_cpp_552bdf4a13Float_ChangedEff  ita_robot.o
    0x0800ce14   0x00000050   Code   RO         7656    i._ZN35_INTERNAL_13_ita_robot_cpp_552bdf4a20UART7_Printf_ChariotEPKcz  ita_robot.o
    0x0800ce64   0x0000005c   Code   RO         7657    i._ZN35_INTERNAL_13_ita_robot_cpp_552bdf4a21DR16_Has_Remote_InputER10Class_DR16  ita_robot.o
    0x0800cec0   0x0000005a   Code   RO         7658    i._ZN35_INTERNAL_13_ita_robot_cpp_552bdf4a23DR16_Has_Keyboard_InputER10Class_DR16  ita_robot.o
    0x0800cf1a   0x00000002   PAD
    0x0800cf1c   0x00000050   Code   RO         7570    i._ZN40_INTERNAL_18_dvc_nvidiaorin_cpp_8fa1e1d217UART7_Printf_OrinEPKcz  dvc_nvidiaorin.o
    0x0800cf6c   0x00000274   Code   RO         1750    i._ZN41_INTERNAL_19_stm32h7xx_hal_dma_c_c25f65ec13DMA_SetConfigEP19__DMA_HandleTypeDefjjj  stm32h7xx_hal_dma.o
    0x0800d1e0   0x000000ae   Code   RO         1751    i._ZN41_INTERNAL_19_stm32h7xx_hal_dma_c_c25f65ec18DMA_CheckFifoParamEPK19__DMA_HandleTypeDef  stm32h7xx_hal_dma.o
    0x0800d28e   0x00000002   PAD
    0x0800d290   0x000000ec   Code   RO         1752    i._ZN41_INTERNAL_19_stm32h7xx_hal_dma_c_c25f65ec23DMA_CalcBaseAndBitshiftEP19__DMA_HandleTypeDef  stm32h7xx_hal_dma.o
    0x0800d37c   0x000000c4   Code   RO         1753    i._ZN41_INTERNAL_19_stm32h7xx_hal_dma_c_c25f65ec32DMA_CalcDMAMUXChannelBaseAndMaskEP19__DMA_HandleTypeDef  stm32h7xx_hal_dma.o
    0x0800d440   0x00000098   Code   RO         1754    i._ZN41_INTERNAL_19_stm32h7xx_hal_dma_c_c25f65ec35DMA_CalcDMAMUXRequestGenBaseAndMaskEP19__DMA_HandleTypeDef  stm32h7xx_hal_dma.o
    0x0800d4d8   0x000000b0   Code   RO         4453    i._ZN41_INTERNAL_19_stm32h7xx_hal_tim_c_a9d95b5217TIM_OC1_SetConfigEP11TIM_TypeDefPK18TIM_OC_InitTypeDef  stm32h7xx_hal_tim.o
    0x0800d588   0x000000b8   Code   RO         4454    i._ZN41_INTERNAL_19_stm32h7xx_hal_tim_c_a9d95b5217TIM_OC3_SetConfigEP11TIM_TypeDefPK18TIM_OC_InitTypeDef  stm32h7xx_hal_tim.o
    0x0800d640   0x00000074   Code   RO         4455    i._ZN41_INTERNAL_19_stm32h7xx_hal_tim_c_a9d95b5217TIM_OC4_SetConfigEP11TIM_TypeDefPK18TIM_OC_InitTypeDef  stm32h7xx_hal_tim.o
    0x0800d6b4   0x00000070   Code   RO         4456    i._ZN41_INTERNAL_19_stm32h7xx_hal_tim_c_a9d95b5217TIM_OC5_SetConfigEP11TIM_TypeDefPK18TIM_OC_InitTypeDef  stm32h7xx_hal_tim.o
    0x0800d724   0x00000070   Code   RO         4457    i._ZN41_INTERNAL_19_stm32h7xx_hal_tim_c_a9d95b5217TIM_OC6_SetConfigEP11TIM_TypeDefPK18TIM_OC_InitTypeDef  stm32h7xx_hal_tim.o
    0x0800d794   0x00000018   Code   RO         4462    i._ZN41_INTERNAL_19_stm32h7xx_hal_tim_c_a9d95b5218TIM_ITRx_SetConfigEP11TIM_TypeDefj  stm32h7xx_hal_tim.o
    0x0800d7ac   0x0000006c   Code   RO         4467    i._ZN41_INTERNAL_19_stm32h7xx_hal_tim_c_a9d95b5224TIM_TI1_ConfigInputStageEP11TIM_TypeDefjj  stm32h7xx_hal_tim.o
    0x0800d818   0x0000006c   Code   RO         4468    i._ZN41_INTERNAL_19_stm32h7xx_hal_tim_c_a9d95b5224TIM_TI2_ConfigInputStageEP11TIM_TypeDefjj  stm32h7xx_hal_tim.o
    0x0800d884   0x00000052   Code   RO         5597    i._ZN42_INTERNAL_20_stm32h7xx_hal_uart_c_574fddf513UART_DMAErrorEP19__DMA_HandleTypeDef  stm32h7xx_hal_uart.o
    0x0800d8d6   0x0000005c   Code   RO         5599    i._ZN42_INTERNAL_20_stm32h7xx_hal_uart_c_574fddf515UART_TxISR_8BITEP20__UART_HandleTypeDef  stm32h7xx_hal_uart.o
    0x0800d932   0x00000062   Code   RO         5601    i._ZN42_INTERNAL_20_stm32h7xx_hal_uart_c_574fddf516UART_TxISR_16BITEP20__UART_HandleTypeDef  stm32h7xx_hal_uart.o
    0x0800d994   0x000000f4   Code   RO         5602    i._ZN42_INTERNAL_20_stm32h7xx_hal_uart_c_574fddf518UART_DMARxHalfCpltEP19__DMA_HandleTypeDef  stm32h7xx_hal_uart.o
    0x0800da88   0x0000000e   Code   RO         5603    i._ZN42_INTERNAL_20_stm32h7xx_hal_uart_c_574fddf518UART_DMATxHalfCpltEP19__DMA_HandleTypeDef  stm32h7xx_hal_uart.o
    0x0800da96   0x00000002   PAD
    0x0800da98   0x0000006c   Code   RO         5604    i._ZN42_INTERNAL_20_stm32h7xx_hal_uart_c_574fddf518UART_EndRxTransferEP20__UART_HandleTypeDef  stm32h7xx_hal_uart.o
    0x0800db04   0x00000040   Code   RO         5605    i._ZN42_INTERNAL_20_stm32h7xx_hal_uart_c_574fddf518UART_EndTxTransferEP20__UART_HandleTypeDef  stm32h7xx_hal_uart.o
    0x0800db44   0x00000178   Code   RO         5606    i._ZN42_INTERNAL_20_stm32h7xx_hal_uart_c_574fddf519UART_DMAReceiveCpltEP19__DMA_HandleTypeDef  stm32h7xx_hal_uart.o
    0x0800dcbc   0x00000030   Code   RO         5607    i._ZN42_INTERNAL_20_stm32h7xx_hal_uart_c_574fddf519UART_EndTransmit_ITEP20__UART_HandleTypeDef  stm32h7xx_hal_uart.o
    0x0800dcec   0x0000000e   Code   RO         5608    i._ZN42_INTERNAL_20_stm32h7xx_hal_uart_c_574fddf520UART_DMAAbortOnErrorEP19__DMA_HandleTypeDef  stm32h7xx_hal_uart.o
    0x0800dcfa   0x00000054   Code   RO         5609    i._ZN42_INTERNAL_20_stm32h7xx_hal_uart_c_574fddf520UART_DMATransmitCpltEP19__DMA_HandleTypeDef  stm32h7xx_hal_uart.o
    0x0800dd4e   0x0000007e   Code   RO         5611    i._ZN42_INTERNAL_20_stm32h7xx_hal_uart_c_574fddf522UART_TxISR_8BIT_FIFOENEP20__UART_HandleTypeDef  stm32h7xx_hal_uart.o
    0x0800ddcc   0x00000082   Code   RO         5615    i._ZN42_INTERNAL_20_stm32h7xx_hal_uart_c_574fddf523UART_TxISR_16BIT_FIFOENEP20__UART_HandleTypeDef  stm32h7xx_hal_uart.o
    0x0800de4e   0x00000002   PAD
    0x0800de50   0x000000d0   Code   RO         3729    i._ZN43_INTERNAL_21_stm32h7xx_hal_fdcan_c_80c832c222FDCAN_CopyMessageToRAMEPK19FDCAN_HandleTypeDefPK21FDCAN_TxHeaderTypeDefPKhj  stm32h7xx_hal_fdcan.o
    0x0800df20   0x00000220   Code   RO         3730    i._ZN43_INTERNAL_21_stm32h7xx_hal_fdcan_c_80c832c232FDCAN_CalculateRamBlockAddressesEP19FDCAN_HandleTypeDef  stm32h7xx_hal_fdcan.o
    0x0800e140   0x00000028   Code   RO          749    i._ZN44_INTERNAL_22_stm32h7xx_hal_cortex_c_2992dbc018__NVIC_SetPriorityE9IRQn_Typej  stm32h7xx_hal_cortex.o
    0x0800e168   0x00000010   Code   RO          750    i._ZN44_INTERNAL_22_stm32h7xx_hal_cortex_c_2992dbc026__NVIC_GetPriorityGroupingEv  stm32h7xx_hal_cortex.o
    0x0800e178   0x00000164   Code   RO         1051    i._ZN44_INTERNAL_22_stm32h7xx_hal_rcc_ex_c_bed13b4417RCCEx_PLL2_ConfigEPK19RCC_PLL2InitTypeDefj  stm32h7xx_hal_rcc_ex.o
    0x0800e2dc   0x00000164   Code   RO         1052    i._ZN44_INTERNAL_22_stm32h7xx_hal_rcc_ex_c_bed13b4417RCCEx_PLL3_ConfigEPK19RCC_PLL3InitTypeDefj  stm32h7xx_hal_rcc_ex.o
    0x0800e440   0x00000058   Code   RO         6057    i._ZN45_INTERNAL_23_stm32h7xx_hal_uart_ex_c_83a37df425UARTEx_SetNbDataToProcessEP20__UART_HandleTypeDef  stm32h7xx_hal_uart_ex.o
    0x0800e498   0x00000050   Code   RO         7916    i._ZN48_INTERNAL_27_tsk_config_and_callback_cpp_chariot17UART7_Printf_TaskEPKcz  tsk_config_and_callback.o
    0x0800e4e8   0x0000004c   Code   RO         7917    i._ZN48_INTERNAL_27_tsk_config_and_callback_cpp_chariot22UART7_Print_CAN2_FrameEP22Struct_FDCAN_Rx_Buffer  tsk_config_and_callback.o
    0x0800e534   0x00000006   Code   RO         6223    i._ZN9Class_PID10Set_TargetEf  alg_pid.o
    0x0800e53a   0x00000006   Code   RO         6227    i._ZN9Class_PID18Set_Integral_ErrorEf  alg_pid.o
    0x0800e540   0x00000270   Code   RO         6231    i._ZN9Class_PID35TIM_Calculate_PeriodElapsedCallbackEv  alg_pid.o
    0x0800e7b0   0x00000030   Code   RO         6232    i._ZN9Class_PID4InitEfffffffffff16Enum_PID_D_First  alg_pid.o
    0x0800e7e0   0x00000006   Code   RO         6233    i._ZN9Class_PID7Get_OutEv  alg_pid.o
    0x0800e7e6   0x00000006   Code   RO         6238    i._ZN9Class_PID7Set_NowEf  alg_pid.o
    0x0800e7ec   0x00000090   Code   RO         8030    i._ZN9Class_PIDC1Ev  tsk_config_and_callback.o
    0x0800e87c   0x0000001e   Code   RO         7571    i._ZNK10Class_Orin14Is_Valid_FrameEPK22Struct_FDCAN_Rx_Buffer  dvc_nvidiaorin.o
    0x0800e89a   0x00000064   Code   RO         7572    i._ZNK10Class_Orin16Get_Tx_Flag_MaskEv  dvc_nvidiaorin.o
    0x0800e8fe   0x00000018   Code   RO         7803    i._ZSt4sqrtf        ita_robot.o
    0x0800e916   0x00000030   Code   RO         8632    i.__ARM_fpclassify  m_wv.l(fpclassify.o)
    0x0800e946   0x00000024   Code   RO         8323    i.__aeabi_vec_ctor_nocookie_nodtor  cpprt_w.l(aeabi_vec_ctor_nocookie_nodtor.o)
    0x0800e96a   0x0000003a   Code   RO         8342    i.__hardfp_sqrtf    m_wv.l(sqrtf.o)
    0x0800e9a4   0x000001e4   Code   RO         7516    i.__sti___14_MotorControl_c_cmd_1  motorcontrol.o
    0x0800eb88   0x00000028   Code   RO         1251    i.__sti___21_stm32h7xx_hal_flash_c_pFlash  stm32h7xx_hal_flash.o
    0x0800ebb0   0x00000010   Code   RO         7918    i.__sti___27_tsk_config_and_callback_cpp_chariot  tsk_config_and_callback.o
    0x0800ebc0   0x0000000e   Code   RO         8421    i._is_digit         c_w.l(__printf_wp.o)
    0x0800ebce   0x00000054   Code   RO           15    i.main              main.o
    0x0800ec22   0x00000002   PAD
    0x0800ec24   0x0000002c   Code   RO         8607    locale$$code        c_w.l(lc_numeric_c.o)
    0x0800ec50   0x0000002c   Code   RO         8705    locale$$code        c_w.l(lc_ctype_c.o)
    0x0800ec7c   0x00000030   Code   RO         6338    t._Z14Math_ConstrainIfET_PS0_S0_S0_  alg_pid.o
    0x0800ecac   0x00000018   Code   RO         6331    t._Z8Math_AbsIfET_S0_  alg_pid.o
    0x0800ecc4   0x00000060   Code   RO         8326    x$fpl$ffltll        fz_wv.l(ffltll_clz.o)
    0x0800ed24   0x0000000a   Code   RO         8565    x$fpl$fpinit        fz_wv.l(fpinit.o)
    0x0800ed2e   0x00000004   Code   RO         8504    x$fpl$printf1       fz_wv.l(printf1.o)
    0x0800ed32   0x00000000   Code   RO         8506    x$fpl$usenofp       fz_wv.l(usenofp.o)
    0x0800ed32   0x00000008   Data   RO         1772    .constdata          stm32h7xx_hal_dma.o
    0x0800ed3a   0x00000002   PAD
    0x0800ed3c   0x0000005c   Data   RO         3831    .constdata          stm32h7xx_hal_fdcan.o
    0x0800ed98   0x00000018   Data   RO         5688    .constdata          stm32h7xx_hal_uart.o
    0x0800edb0   0x00000010   Data   RO         6077    .constdata          stm32h7xx_hal_uart_ex.o
    0x0800edc0   0x00000010   Data   RO         6188    .constdata          system_stm32h7xx.o
    0x0800edd0   0x00000200   Data   RO         6816    .constdata          go-m8010-6.o
    0x0800efd0   0x00000008   Data   RO         8380    .constdata          c_w.l(_printf_wctomb.o)
    0x0800efd8   0x00000028   Data   RO         8409    .constdata          c_w.l(_printf_hex_int_ll_ptr.o)
    0x0800f000   0x00000011   Data   RO         8429    .constdata          c_w.l(__printf_flags_ss_wp.o)
    0x0800f011   0x00000003   PAD
    0x0800f014   0x00000094   Data   RO         8582    .constdata          c_w.l(bigflt0.o)
    0x0800f0a8   0x00000052   Data   RO         7936    .conststring        tsk_config_and_callback.o
    0x0800f0fa   0x00000002   PAD
    0x0800f0fc   0x00000020   Data   RO         8822    Region$$Table       anon$$obj.o
    0x0800f11c   0x0000001c   Data   RO         8606    locale$$data        c_w.l(lc_numeric_c.o)
    0x0800f138   0x00000110   Data   RO         8704    locale$$data        c_w.l(lc_ctype_c.o)
    0x0800f248   0x00000004   Data   RO         1268    .init_array         stm32h7xx_hal_flash.o
    0x0800f24c   0x00000004   Data   RO         7522    .init_array         motorcontrol.o
    0x0800f250   0x00000004   Data   RO         7938    .init_array         tsk_config_and_callback.o
    0x0800f254   0x00000000   Data   RO         8318    .init_array         c_w.l(init_aeabi.o)


    Execution Region RW_IRAM1 (Base: 0x20000000, Size: 0x00000000, Max: 0x00020000, ABSOLUTE)

    **** No section assigned to this execution region ****


    Execution Region RW_IRAM2 (Base: 0x24000000, Size: 0x000030b8, Max: 0x00060000, ABSOLUTE, COMPRESSED[0x00000018])

    Base Addr    Size         Type   Attr      Idx    E Section Name        Object

    0x24000000   0x00000004   Data   RW          255    .data               fdcan.o
    0x24000004   0x00000009   Data   RW         2643    .data               stm32h7xx_hal.o
    0x2400000d   0x00000003   PAD
    0x24000010   0x00000008   Data   RW         6189    .data               system_stm32h7xx.o
    0x24000018   0x00000080   Data   RW         6409    .data               drv_tim.o
    0x24000098   0x00000080   Data   RW         6457    .data               drv_can.o
    0x24000118   0x00000080   Data   RW         6707    .data               drv_gpio_exti.o
    0x24000198   0x0000000c   Data   RW         7371    .data               dvc_dwt.o
    0x240001a4   0x00000010   Data   RW         7521    .data               motorcontrol.o
    0x240001b4   0x0000001c   Data   RW         7672    .data               ita_robot.o
    0x240001d0   0x0000000c   Data   RW         7937    .data               tsk_config_and_callback.o
    0x240001dc   0x000001e0   Zero   RW          254    .bss                fdcan.o
    0x240003bc   0x00000130   Zero   RW          322    .bss                tim.o
    0x240004ec   0x00000844   Zero   RW          409    .bss                usart.o
    0x24000d30   0x0000001c   Zero   RW         1267    .bss                stm32h7xx_hal_flash.o
    0x24000d4c   0x000000a8   Zero   RW         6456    .bss                drv_can.o
    0x24000df4   0x00001478   Zero   RW         6751    .bss                drv_uart.o
    0x2400226c   0x00000004   PAD
    0x24002270   0x00000040   Zero   RW         6815    .bss                go-m8010-6.o
    0x240022b0   0x0000000c   Zero   RW         7370    .bss                dvc_dwt.o
    0x240022bc   0x00000004   PAD
    0x240022c0   0x00000180   Zero   RW         7520    .bss                motorcontrol.o
    0x24002440   0x00000618   Zero   RW         7935    .bss                tsk_config_and_callback.o
    0x24002a58   0x00000060   Zero   RW         8568    .bss                c_w.l(libspace.o)
    0x24002ab8   0x00000200   Zero   RW            2    HEAP                startup_stm32h723xx.o
    0x24002cb8   0x00000400   Zero   RW            1    STACK               startup_stm32h723xx.o


==============================================================================

Image component sizes


      Code (inc. data)   RO Data    RW Data    ZI Data      Debug   Object Name

       768          4          0          0          0       6680   alg_pid.o
       616          0          0          0          0       2312   alg_slope.o
      1580         88          0          0          0      23588   crt_chassis.o
       208          6          0          0          0        930   dma.o
       224         44          0          0          0       4348   drv_bsp.o
       792         90          0        128        168       7161   drv_can.o
       276         64          0        128          0       2589   drv_gpio_exti.o
        84          0          0          0          0       1961   drv_math.o
       892        252          0        128          0       3770   drv_tim.o
      1060        172          0          0       5240       4918   drv_uart.o
      1054         52          0          0          0      12045   dvc_dr16.o
       196         38          0         12         12       1965   dvc_dwt.o
      1462        160          0          0          0      16393   dvc_motor_dji.o
         0          0          0          0          0       3369   dvc_motor_mksesc.o
       834        140          0          0          0      10857   dvc_nvidiaorin.o
         0          0          0          0          0       1925   dvc_serialplot.o
       928         60          0          4        480       3589   fdcan.o
       924         92        512          0         64     982888   go-m8010-6.o
       440         24          0          0          0       1231   gpio.o
      2044        222          0         28          0      47643   ita_robot.o
       274          6          0          0          0    1221772   main.o
      1116        142          4         16        384       4851   motorcontrol.o
        64         26        716          0       1536        868   startup_stm32h723xx.o
       280         54          0          9          0      24497   stm32h7xx_hal.o
       310         22          0          0          0      39319   stm32h7xx_hal_cortex.o
      8650        164          8          0          0      13614   stm32h7xx_hal_dma.o
      3610         52         92          0          0      23536   stm32h7xx_hal_fdcan.o
        40          6          4          0         28      10125   stm32h7xx_hal_flash.o
       564         52          0          0          0       3582   stm32h7xx_hal_gpio.o
        36          4          0          0          0        882   stm32h7xx_hal_msp.o
        96          6          0          0          0        797   stm32h7xx_hal_pwr_ex.o
      3388        110          0          0          0       7028   stm32h7xx_hal_rcc.o
      5140        112          0          0          0       7425   stm32h7xx_hal_rcc_ex.o
      3308        344          0          0          0      18330   stm32h7xx_hal_tim.o
       234         38          0          0          0       3328   stm32h7xx_hal_tim_ex.o
      5788        212         24          0          0      43083   stm32h7xx_hal_uart.o
       458         10         16          0          0       6601   stm32h7xx_hal_uart_ex.o
       374        114          0          0          0      14945   stm32h7xx_it.o
       224         32         16          8          0       1370   system_stm32h7xx.o
       844         76          0          0        304       5307   tim.o
      1434        190         86         12       1560      23029   tsk_config_and_callback.o
      2476        190          0          0       2116       7308   usart.o

    ----------------------------------------------------------------------
     53142       3470       1514        476      11900    2621759   Object Totals
         0          0         32          0          0          0   (incl. Generated)
        52          0          4          3          8          0   (incl. Padding)

    ----------------------------------------------------------------------

      Code (inc. data)   RO Data    RW Data    ZI Data      Debug   Library Member Name

        58          0          0          0          0          0   __dczerorl.o
         8          0          0          0          0         68   __main.o
       392          4         17          0          0         92   __printf_flags_ss_wp.o
        14          0          0          0          0         68   __printf_wp.o
         0          0          0          0          0          0   __rtentry.o
        12          0          0          0          0          0   __rtentry2.o
         6          0          0          0          0          0   __rtentry4.o
        52          8          0          0          0          0   __scatter.o
        28          0          0          0          0          0   __scatter_zi.o
         6          0          0          0          0          0   _printf_a.o
         6          0          0          0          0          0   _printf_c.o
        44          0          0          0          0        108   _printf_char.o
        48          6          0          0          0         96   _printf_char_common.o
        40          0          0          0          0         68   _printf_charcount.o
         6          0          0          0          0          0   _printf_d.o
       120         16          0          0          0         92   _printf_dec.o
         6          0          0          0          0          0   _printf_e.o
         6          0          0          0          0          0   _printf_f.o
      1054          0          0          0          0        216   _printf_fp_dec.o
       128         16          0          0          0         84   _printf_fp_infnan.o
         6          0          0          0          0          0   _printf_g.o
       148          4         40          0          0        160   _printf_hex_int_ll_ptr.o
         6          0          0          0          0          0   _printf_i.o
       178          0          0          0          0         88   _printf_intcommon.o
        10          0          0          0          0          0   _printf_l.o
         6          0          0          0          0          0   _printf_lc.o
        10          0          0          0          0          0   _printf_ll.o
         6          0          0          0          0          0   _printf_lld.o
         6          0          0          0          0          0   _printf_lli.o
         6          0          0          0          0          0   _printf_llo.o
         6          0          0          0          0          0   _printf_llu.o
         6          0          0          0          0          0   _printf_llx.o
       124         16          0          0          0         92   _printf_longlong_dec.o
         6          0          0          0          0          0   _printf_ls.o
         6          0          0          0          0          0   _printf_n.o
         6          0          0          0          0          0   _printf_o.o
       112         10          0          0          0        124   _printf_oct_int_ll.o
         6          0          0          0          0          0   _printf_p.o
        78          0          0          0          0        108   _printf_pad.o
         0          0          0          0          0          0   _printf_percent.o
         4          0          0          0          0          0   _printf_percent_end.o
         6          0          0          0          0          0   _printf_s.o
        82          0          0          0          0         80   _printf_str.o
        36          0          0          0          0         84   _printf_truncate.o
         6          0          0          0          0          0   _printf_u.o
        44          0          0          0          0        108   _printf_wchar.o
       188          6          8          0          0         92   _printf_wctomb.o
         6          0          0          0          0          0   _printf_x.o
        22          0          0          0          0        100   _rserrno.o
        16          0          0          0          0         68   _snputc.o
        10          0          0          0          0         68   _sputc.o
        64          0          0          0          0         92   _wcrtomb.o
       228          4        148          0          0         96   bigflt0.o
      1936        128          0          0          0        672   btod.o
        52          4          0          0          0         80   c89vsnprintf.o
        18          0          0          0          0         80   exit.o
         6          0          0          0          0        152   heapauxi.o
         0          0          0          0          0          0   indicate_semi.o
        36         10          0          0          0         80   init_aeabi.o
        44         10        272          0          0         76   lc_ctype_c.o
        44         10         28          0          0         76   lc_numeric_c.o
         2          0          0          0          0          0   libinit.o
        38          0          0          0          0          0   libinit2.o
         2          0          0          0          0          0   libshutdown.o
         2          0          0          0          0          0   libshutdown2.o
         8          4          0          0         96         68   libspace.o
       138          0          0          0          0         80   lludiv10.o
       238          0          0          0          0        100   lludivv7m.o
        16          4          0          0          0         76   rt_ctype_table.o
         8          4          0          0          0         68   rt_errno_addr_intlibspace.o
         8          4          0          0          0         68   rt_locale_intlibspace.o
        78          0          0          0          0         80   rt_memclr_w.o
       138          0          0          0          0         68   rt_memcpy_v6.o
       100          0          0          0          0         80   rt_memcpy_w.o
         2          0          0          0          0          0   rtexit.o
        10          0          0          0          0          0   rtexit2.o
       104          0          0          0          0         68   strcmpv7m_pel.o
        12          4          0          0          0         68   sys_exit.o
        74          0          0          0          0         80   sys_stackheap_outer.o
         2          0          0          0          0         68   use_no_semi.o
        36          0          0          0          0         84   aeabi_vec_ctor_nocookie_nodtor.o
        96          0          0          0          0        132   ffltll_clz.o
        10          0          0          0          0        116   fpinit.o
         4          0          0          0          0        116   printf1.o
         0          0          0          0          0          0   usenofp.o
        48          0          0          0          0        124   fpclassify.o
        58          0          0          0          0        136   sqrtf.o

    ----------------------------------------------------------------------
      6864        272        516          0         96       5148   Library Totals
        18          0          3          0          0          0   (incl. Padding)

    ----------------------------------------------------------------------

      Code (inc. data)   RO Data    RW Data    ZI Data      Debug   Library Name

      6594        272        513          0         96       4440   c_w.l
        36          0          0          0          0         84   cpprt_w.l
       110          0          0          0          0        364   fz_wv.l
       106          0          0          0          0        260   m_wv.l

    ----------------------------------------------------------------------
      6864        272        516          0         96       5148   Library Totals

    ----------------------------------------------------------------------

==============================================================================


      Code (inc. data)   RO Data    RW Data    ZI Data      Debug   

     60006       3742       2030        476      11996    2595811   Grand Totals
     60006       3742       2030         24      11996    2595811   ELF Image Totals (compressed)
     60006       3742       2030         24          0          0   ROM Totals

==============================================================================

    Total RO  Size (Code + RO Data)                62036 (  60.58kB)
    Total RW  Size (RW Data + ZI Data)             12472 (  12.18kB)
    Total ROM Size (Code + RO Data + RW Data)      62060 (  60.61kB)

==============================================================================

