*** Using Compiler 'V5.06 update 6 (build 750)', folder: 'C:\Keil_v5\ARM\ARMCC\Bin'
Build target 'H723VGT6_Demo'
assembling startup_stm32h723xx.s...
compiling main.c...
compiling gpio.c...
compiling dma.c...
compiling fdcan.c...
compiling tim.c...
compiling usart.c...
compiling stm32h7xx_it.c...
compiling stm32h7xx_hal_msp.c...
compiling stm32h7xx_hal_cortex.c...
compiling stm32h7xx_hal_rcc.c...
compiling stm32h7xx_hal_rcc_ex.c...
compiling stm32h7xx_hal_flash.c...
../Drivers/STM32H7xx_HAL_Driver/Src/stm32h7xx_hal_flash.c(114): error:  #29: expected an expression
  FLASH_ProcessTypeDef pFlash  = {.ProcedureOnGoing = FLASH_PROC_NONE,
../Drivers/STM32H7xx_HAL_Driver/Src/stm32h7xx_hal_flash.c(115): error:  #29: expected an expression
                                  .NbSectorsToErase = 0U,
../Drivers/STM32H7xx_HAL_Driver/Src/stm32h7xx_hal_flash.c(116): error:  #29: expected an expression
                                  .VoltageForErase= 0U,
../Drivers/STM32H7xx_HAL_Driver/Src/stm32h7xx_hal_flash.c(117): error:  #29: expected an expression
                                  .Sector = 0U,
../Drivers/STM32H7xx_HAL_Driver/Src/stm32h7xx_hal_flash.c(118): error:  #29: expected an expression
                                  .Address = 0U,
../Drivers/STM32H7xx_HAL_Driver/Src/stm32h7xx_hal_flash.c(119): error:  #29: expected an expression
                                  .Lock = HAL_UNLOCKED,
../Drivers/STM32H7xx_HAL_Driver/Src/stm32h7xx_hal_flash.c(120): error:  #29: expected an expression
                                  .ErrorCode = HAL_FLASH_ERROR_NONE};
../Drivers/STM32H7xx_HAL_Driver/Src/stm32h7xx_hal_flash.c: 0 warnings, 7 errors
compiling stm32h7xx_hal_flash_ex.c...
compiling stm32h7xx_hal_gpio.c...
compiling stm32h7xx_hal_hsem.c...
compiling stm32h7xx_hal_dma.c...
compiling stm32h7xx_hal_dma_ex.c...
compiling stm32h7xx_hal_mdma.c...
compiling stm32h7xx_hal_pwr.c...
compiling stm32h7xx_hal_pwr_ex.c...
compiling stm32h7xx_hal.c...
compiling stm32h7xx_hal_i2c.c...
compiling stm32h7xx_hal_i2c_ex.c...
compiling stm32h7xx_hal_exti.c...
compiling stm32h7xx_hal_fdcan.c...
compiling stm32h7xx_hal_tim.c...
compiling stm32h7xx_hal_tim_ex.c...
compiling stm32h7xx_hal_uart.c...
compiling stm32h7xx_hal_uart_ex.c...
compiling system_stm32h7xx.c...
compiling alg_pid.cpp...
compiling alg_slope.cpp...
compiling drv_tim.cpp...
compiling drv_can.c...
compiling drv_math.cpp...
compiling drv_bsp.c...
compiling drv_gpio_exti.cpp...
compiling drv_uart.c...
compiling GO-M8010-6.c...
compiling dvc_motor_mksesc.cpp...
compiling dvc_motor_dji.cpp...
compiling dvc_pmt45.cpp...
compiling dvc_dr16.cpp...
..\User_dvc\dvc_dr16.cpp(16): warning:  #177-D: variable "<unnamed>::SBUS_CHANNEL_MIN"  was declared but never referenced
  constexpr uint16_t SBUS_CHANNEL_MIN = 172U;
..\User_dvc\dvc_dr16.cpp: 1 warning, 0 errors
compiling dvc_dwt.cpp...
compiling dvc_serialplot.cpp...
compiling MotorControl.c...
..\User_dvc\MotorControl.c(5): warning:  #3630-D: invalid narrowing conversion from "unsigned short" to "unsigned char"
      cmd_1.id   = 4,
..\User_dvc\MotorControl.c(6): warning:  #3630-D: invalid narrowing conversion from "unsigned short" to "unsigned char"
      cmd_1.mode = 1,
..\User_dvc\MotorControl.c(7): warning:  #3630-D: invalid narrowing conversion from "float" to "unsigned char"
      cmd_1.T    = 0.0f,
..\User_dvc\MotorControl.c(8): warning:  #3630-D: invalid narrowing conversion from "float" to "unsigned char"
      cmd_1.W    = 0.0f,
..\User_dvc\MotorControl.c(9): warning:  #3630-D: invalid narrowing conversion from "float" to "unsigned char"
      cmd_1.Pos  = 4.31f,
..\User_dvc\MotorControl.c(10): warning:  #3630-D: invalid narrowing conversion from "float" to "signed short"
      cmd_1.K_P  = 0.6f,
..\User_dvc\MotorControl.c(11): warning:  #3630-D: invalid narrowing conversion from "float" to "signed short"
      cmd_1.K_W  = 0.04f
..\User_dvc\MotorControl.c(14): warning:  #3630-D: invalid narrowing conversion from "unsigned short" to "unsigned char"
      cmd_2.id   = 5,
..\User_dvc\MotorControl.c(15): warning:  #3630-D: invalid narrowing conversion from "unsigned short" to "unsigned char"
      cmd_2.mode = 1,
..\User_dvc\MotorControl.c(16): warning:  #3630-D: invalid narrowing conversion from "float" to "unsigned char"
      cmd_2.T    = 0.0f,
..\User_dvc\MotorControl.c(17): warning:  #3630-D: invalid narrowing conversion from "float" to "unsigned char"
      cmd_2.W    = 0.0f,
..\User_dvc\MotorControl.c(18): warning:  #3630-D: invalid narrowing conversion from "float" to "unsigned char"
      cmd_2.Pos  = 5.56f,
..\User_dvc\MotorControl.c(19): warning:  #3630-D: invalid narrowing conversion from "float" to "signed short"
      cmd_2.K_P  = 0.6f,
..\User_dvc\MotorControl.c(20): warning:  #3630-D: invalid narrowing conversion from "float" to "signed short"
      cmd_2.K_W  = 0.04f
..\User_dvc\MotorControl.c(23): warning:  #3630-D: invalid narrowing conversion from "unsigned short" to "unsigned char"
      cmd_3.id   = 6,
..\User_dvc\MotorControl.c(24): warning:  #3630-D: invalid narrowing conversion from "unsigned short" to "unsigned char"
      cmd_3.mode = 1,
..\User_dvc\MotorControl.c(25): warning:  #3630-D: invalid narrowing conversion from "float" to "unsigned char"
      cmd_3.T    = 0.0f,
..\User_dvc\MotorControl.c(26): warning:  #3630-D: invalid narrowing conversion from "float" to "unsigned char"
      cmd_3.W    = 0.0f,
..\User_dvc\MotorControl.c(27): warning:  #3630-D: invalid narrowing conversion from "float" to "unsigned char"
      cmd_3.Pos  = 1.07f,
..\User_dvc\MotorControl.c(28): warning:  #3630-D: invalid narrowing conversion from "float" to "signed short"
      cmd_3.K_P  = 0.6f,
..\User_dvc\MotorControl.c(29): warning:  #3630-D: invalid narrowing conversion from "float" to "signed short"
      cmd_3.K_W  = 0.04f
..\User_dvc\MotorControl.c(36): warning:  #177-D: variable "last_check_time"  was declared but never referenced
  static uint32_t last_check_time = 0;
..\User_dvc\MotorControl.c: 22 warnings, 0 errors
compiling dvc_nvidiaorin.cpp...
compiling ita_robot.cpp...
compiling tsk_config_and_callback.cpp...
compiling crt_chassis.cpp...
"H723VGT6_Demo\H723VGT6_Demo.axf" - 7 Error(s), 23 Warning(s).
Target not created.
